Archive member included to satisfy reference by file (symbol)

/data/f-of-e-tools/tools/sunflower/tools/tools-lib/riscv/libc.a(lib_a-memcpy.o)
                              newbenchmark.o (memcpy)
/data/f-of-e-tools/tools/sunflower/tools/tools-lib/riscv/libm.a(lib_a-cexp.o)
                              newbenchmark.o (cexp)
/data/f-of-e-tools/tools/sunflower/tools/tools-lib/riscv/libm.a(lib_a-cimag.o)
                              /data/f-of-e-tools/tools/sunflower/tools/tools-lib/riscv/libm.a(lib_a-cexp.o) (cimag)
/data/f-of-e-tools/tools/sunflower/tools/tools-lib/riscv/libm.a(lib_a-creal.o)
                              /data/f-of-e-tools/tools/sunflower/tools/tools-lib/riscv/libm.a(lib_a-cexp.o) (creal)
/data/f-of-e-tools/tools/sunflower/tools/tools-lib/riscv/libm.a(lib_a-s_cos.o)
                              /data/f-of-e-tools/tools/sunflower/tools/tools-lib/riscv/libm.a(lib_a-cexp.o) (cos)
/data/f-of-e-tools/tools/sunflower/tools/tools-lib/riscv/libm.a(lib_a-s_sin.o)
                              /data/f-of-e-tools/tools/sunflower/tools/tools-lib/riscv/libm.a(lib_a-cexp.o) (sin)
/data/f-of-e-tools/tools/sunflower/tools/tools-lib/riscv/libm.a(lib_a-w_exp.o)
                              /data/f-of-e-tools/tools/sunflower/tools/tools-lib/riscv/libm.a(lib_a-cexp.o) (exp)
/data/f-of-e-tools/tools/sunflower/tools/tools-lib/riscv/libm.a(lib_a-e_exp.o)
                              /data/f-of-e-tools/tools/sunflower/tools/tools-lib/riscv/libm.a(lib_a-w_exp.o) (__ieee754_exp)
/data/f-of-e-tools/tools/sunflower/tools/tools-lib/riscv/libm.a(lib_a-e_rem_pio2.o)
                              /data/f-of-e-tools/tools/sunflower/tools/tools-lib/riscv/libm.a(lib_a-s_cos.o) (__ieee754_rem_pio2)
/data/f-of-e-tools/tools/sunflower/tools/tools-lib/riscv/libm.a(lib_a-k_cos.o)
                              /data/f-of-e-tools/tools/sunflower/tools/tools-lib/riscv/libm.a(lib_a-s_cos.o) (__kernel_cos)
/data/f-of-e-tools/tools/sunflower/tools/tools-lib/riscv/libm.a(lib_a-k_rem_pio2.o)
                              /data/f-of-e-tools/tools/sunflower/tools/tools-lib/riscv/libm.a(lib_a-e_rem_pio2.o) (__kernel_rem_pio2)
/data/f-of-e-tools/tools/sunflower/tools/tools-lib/riscv/libm.a(lib_a-k_sin.o)
                              /data/f-of-e-tools/tools/sunflower/tools/tools-lib/riscv/libm.a(lib_a-s_cos.o) (__kernel_sin)
/data/f-of-e-tools/tools/sunflower/tools/tools-lib/riscv/libm.a(lib_a-s_fabs.o)
                              /data/f-of-e-tools/tools/sunflower/tools/tools-lib/riscv/libm.a(lib_a-e_rem_pio2.o) (fabs)
/data/f-of-e-tools/tools/sunflower/tools/tools-lib/riscv/libm.a(lib_a-s_finite.o)
                              /data/f-of-e-tools/tools/sunflower/tools/tools-lib/riscv/libm.a(lib_a-w_exp.o) (finite)
/data/f-of-e-tools/tools/sunflower/tools/tools-lib/riscv/libm.a(lib_a-s_floor.o)
                              /data/f-of-e-tools/tools/sunflower/tools/tools-lib/riscv/libm.a(lib_a-k_rem_pio2.o) (floor)
/data/f-of-e-tools/tools/sunflower/tools/tools-lib/riscv/libm.a(lib_a-s_lib_ver.o)
                              /data/f-of-e-tools/tools/sunflower/tools/tools-lib/riscv/libm.a(lib_a-w_exp.o) (__fdlib_version)
/data/f-of-e-tools/tools/sunflower/tools/tools-lib/riscv/libm.a(lib_a-s_matherr.o)
                              /data/f-of-e-tools/tools/sunflower/tools/tools-lib/riscv/libm.a(lib_a-w_exp.o) (matherr)
/data/f-of-e-tools/tools/sunflower/tools/tools-lib/riscv/libm.a(lib_a-s_scalbn.o)
                              /data/f-of-e-tools/tools/sunflower/tools/tools-lib/riscv/libm.a(lib_a-k_rem_pio2.o) (scalbn)
/data/f-of-e-tools/tools/sunflower/tools/tools-lib/riscv/libm.a(lib_a-s_copysign.o)
                              /data/f-of-e-tools/tools/sunflower/tools/tools-lib/riscv/libm.a(lib_a-s_scalbn.o) (copysign)
/data/f-of-e-tools/tools/sunflower/tools/tools-lib/riscv/libgcc.a(_muldc3.o)
                              newbenchmark.o (__muldc3)
/data/f-of-e-tools/tools/sunflower/tools/tools-lib/riscv/libgcc.a(adddf3.o)
                              newbenchmark.o (__adddf3)
/data/f-of-e-tools/tools/sunflower/tools/tools-lib/riscv/libgcc.a(divdf3.o)
                              newbenchmark.o (__divdf3)
/data/f-of-e-tools/tools/sunflower/tools/tools-lib/riscv/libgcc.a(eqdf2.o)
                              /data/f-of-e-tools/tools/sunflower/tools/tools-lib/riscv/libm.a(lib_a-e_rem_pio2.o) (__eqdf2)
/data/f-of-e-tools/tools/sunflower/tools/tools-lib/riscv/libgcc.a(gedf2.o)
                              /data/f-of-e-tools/tools/sunflower/tools/tools-lib/riscv/libm.a(lib_a-k_rem_pio2.o) (__gedf2)
/data/f-of-e-tools/tools/sunflower/tools/tools-lib/riscv/libgcc.a(ledf2.o)
                              /data/f-of-e-tools/tools/sunflower/tools/tools-lib/riscv/libm.a(lib_a-w_exp.o) (__ltdf2)
/data/f-of-e-tools/tools/sunflower/tools/tools-lib/riscv/libgcc.a(muldf3.o)
                              newbenchmark.o (__muldf3)
/data/f-of-e-tools/tools/sunflower/tools/tools-lib/riscv/libgcc.a(subdf3.o)
                              newbenchmark.o (__subdf3)
/data/f-of-e-tools/tools/sunflower/tools/tools-lib/riscv/libgcc.a(fixdfsi.o)
                              newbenchmark.o (__fixdfsi)
/data/f-of-e-tools/tools/sunflower/tools/tools-lib/riscv/libgcc.a(floatsidf.o)
                              newbenchmark.o (__floatsidf)
/data/f-of-e-tools/tools/sunflower/tools/tools-lib/riscv/libgcc.a(muldi3.o)
                              /data/f-of-e-tools/tools/sunflower/tools/tools-lib/riscv/libgcc.a(divdf3.o) (__mulsi3)
/data/f-of-e-tools/tools/sunflower/tools/tools-lib/riscv/libgcc.a(div.o)
                              /data/f-of-e-tools/tools/sunflower/tools/tools-lib/riscv/libm.a(lib_a-k_rem_pio2.o) (__divsi3)
/data/f-of-e-tools/tools/sunflower/tools/tools-lib/riscv/libgcc.a(_clzsi2.o)
                              /data/f-of-e-tools/tools/sunflower/tools/tools-lib/riscv/libgcc.a(adddf3.o) (__clzsi2)
/data/f-of-e-tools/tools/sunflower/tools/tools-lib/riscv/libgcc.a(_clz.o)
                              /data/f-of-e-tools/tools/sunflower/tools/tools-lib/riscv/libgcc.a(_clzsi2.o) (__clz_tab)

Allocating common symbols
Common symbol       size              file

PI                  0x8               newbenchmark.o
