Archive member included to satisfy reference by file (symbol)

/data/f-of-e-tools/tools/sunflower/tools/tools-lib/riscv/libc.a(lib_a-memcpy.o)
                              fft-rc.o (memcpy)
/data/f-of-e-tools/tools/sunflower/tools/tools-lib/riscv/libm.a(lib_a-s_cos.o)
                              fft-rc.o (cos)
/data/f-of-e-tools/tools/sunflower/tools/tools-lib/riscv/libm.a(lib_a-s_sin.o)
                              fft-rc.o (sin)
/data/f-of-e-tools/tools/sunflower/tools/tools-lib/riscv/libm.a(lib_a-e_rem_pio2.o)
                              /data/f-of-e-tools/tools/sunflower/tools/tools-lib/riscv/libm.a(lib_a-s_cos.o) (__ieee754_rem_pio2)
/data/f-of-e-tools/tools/sunflower/tools/tools-lib/riscv/libm.a(lib_a-k_cos.o)
                              /data/f-of-e-tools/tools/sunflower/tools/tools-lib/riscv/libm.a(lib_a-s_cos.o) (__kernel_cos)
/data/f-of-e-tools/tools/sunflower/tools/tools-lib/riscv/libm.a(lib_a-k_rem_pio2.o)
                              /data/f-of-e-tools/tools/sunflower/tools/tools-lib/riscv/libm.a(lib_a-e_rem_pio2.o) (__kernel_rem_pio2)
/data/f-of-e-tools/tools/sunflower/tools/tools-lib/riscv/libm.a(lib_a-k_sin.o)
                              /data/f-of-e-tools/tools/sunflower/tools/tools-lib/riscv/libm.a(lib_a-s_cos.o) (__kernel_sin)
/data/f-of-e-tools/tools/sunflower/tools/tools-lib/riscv/libm.a(lib_a-s_fabs.o)
                              /data/f-of-e-tools/tools/sunflower/tools/tools-lib/riscv/libm.a(lib_a-e_rem_pio2.o) (fabs)
/data/f-of-e-tools/tools/sunflower/tools/tools-lib/riscv/libm.a(lib_a-s_floor.o)
                              /data/f-of-e-tools/tools/sunflower/tools/tools-lib/riscv/libm.a(lib_a-k_rem_pio2.o) (floor)
/data/f-of-e-tools/tools/sunflower/tools/tools-lib/riscv/libm.a(lib_a-s_scalbn.o)
                              /data/f-of-e-tools/tools/sunflower/tools/tools-lib/riscv/libm.a(lib_a-k_rem_pio2.o) (scalbn)
/data/f-of-e-tools/tools/sunflower/tools/tools-lib/riscv/libm.a(lib_a-s_copysign.o)
                              /data/f-of-e-tools/tools/sunflower/tools/tools-lib/riscv/libm.a(lib_a-s_scalbn.o) (copysign)
/data/f-of-e-tools/tools/sunflower/tools/tools-lib/riscv/libgcc.a(_muldc3.o)
                              fft-rc.o (__muldc3)
/data/f-of-e-tools/tools/sunflower/tools/tools-lib/riscv/libgcc.a(adddf3.o)
                              /data/f-of-e-tools/tools/sunflower/tools/tools-lib/riscv/libm.a(lib_a-e_rem_pio2.o) (__adddf3)
/data/f-of-e-tools/tools/sunflower/tools/tools-lib/riscv/libgcc.a(eqdf2.o)
                              /data/f-of-e-tools/tools/sunflower/tools/tools-lib/riscv/libm.a(lib_a-e_rem_pio2.o) (__eqdf2)
/data/f-of-e-tools/tools/sunflower/tools/tools-lib/riscv/libgcc.a(gedf2.o)
                              /data/f-of-e-tools/tools/sunflower/tools/tools-lib/riscv/libm.a(lib_a-k_rem_pio2.o) (__gedf2)
/data/f-of-e-tools/tools/sunflower/tools/tools-lib/riscv/libgcc.a(muldf3.o)
                              /data/f-of-e-tools/tools/sunflower/tools/tools-lib/riscv/libm.a(lib_a-e_rem_pio2.o) (__muldf3)
/data/f-of-e-tools/tools/sunflower/tools/tools-lib/riscv/libgcc.a(subdf3.o)
                              /data/f-of-e-tools/tools/sunflower/tools/tools-lib/riscv/libm.a(lib_a-s_cos.o) (__subdf3)
/data/f-of-e-tools/tools/sunflower/tools/tools-lib/riscv/libgcc.a(fixdfsi.o)
                              /data/f-of-e-tools/tools/sunflower/tools/tools-lib/riscv/libm.a(lib_a-e_rem_pio2.o) (__fixdfsi)
/data/f-of-e-tools/tools/sunflower/tools/tools-lib/riscv/libgcc.a(floatsidf.o)
                              /data/f-of-e-tools/tools/sunflower/tools/tools-lib/riscv/libm.a(lib_a-e_rem_pio2.o) (__floatsidf)
/data/f-of-e-tools/tools/sunflower/tools/tools-lib/riscv/libgcc.a(muldi3.o)
                              /data/f-of-e-tools/tools/sunflower/tools/tools-lib/riscv/libgcc.a(muldf3.o) (__mulsi3)
/data/f-of-e-tools/tools/sunflower/tools/tools-lib/riscv/libgcc.a(div.o)
                              /data/f-of-e-tools/tools/sunflower/tools/tools-lib/riscv/libm.a(lib_a-k_rem_pio2.o) (__divsi3)
/data/f-of-e-tools/tools/sunflower/tools/tools-lib/riscv/libgcc.a(_clzsi2.o)
                              /data/f-of-e-tools/tools/sunflower/tools/tools-lib/riscv/libgcc.a(adddf3.o) (__clzsi2)
/data/f-of-e-tools/tools/sunflower/tools/tools-lib/riscv/libgcc.a(_clz.o)
                              /data/f-of-e-tools/tools/sunflower/tools/tools-lib/riscv/libgcc.a(_clzsi2.o) (__clz_tab)

Allocating common symbols
Common symbol       size              file

PI                  0x8               fft-rc.o

Memory Configuration

Name             Origin             Length             Attributes
*default*        0x0000000000000000 0xffffffffffffffff

Linker script and memory map

                0x0000000000000000                . = 0x0

.text           0x0000000000000000     0xfc24
                0x0000000000000000                _text = .
 *(.text)
 .text          0x0000000000000000        0xc init.o
                0x0000000000000000                _start
 .text          0x000000000000000c      0x3f0 fft-rc.o
                0x000000000000000c                _fft
                0x000000000000022c                fft
                0x0000000000000348                show
                0x000000000000036c                main
 .text          0x00000000000003fc      0x11c /data/f-of-e-tools/tools/sunflower/tools/tools-lib/riscv/libc.a(lib_a-memcpy.o)
                0x00000000000003fc                memcpy
 .text          0x0000000000000518       0xe4 /data/f-of-e-tools/tools/sunflower/tools/tools-lib/riscv/libm.a(lib_a-s_cos.o)
                0x0000000000000518                cos
 .text          0x00000000000005fc       0xe8 /data/f-of-e-tools/tools/sunflower/tools/tools-lib/riscv/libm.a(lib_a-s_sin.o)
                0x00000000000005fc                sin
 .text          0x00000000000006e4      0x678 /data/f-of-e-tools/tools/sunflower/tools/tools-lib/riscv/libm.a(lib_a-e_rem_pio2.o)
                0x00000000000006e4                __ieee754_rem_pio2
 .text          0x0000000000000d5c      0x3b8 /data/f-of-e-tools/tools/sunflower/tools/tools-lib/riscv/libm.a(lib_a-k_cos.o)
                0x0000000000000d5c                __kernel_cos
 .text          0x0000000000001114      0xd6c /data/f-of-e-tools/tools/sunflower/tools/tools-lib/riscv/libm.a(lib_a-k_rem_pio2.o)
                0x0000000000001114                __kernel_rem_pio2
 .text          0x0000000000001e80      0x26c /data/f-of-e-tools/tools/sunflower/tools/tools-lib/riscv/libm.a(lib_a-k_sin.o)
                0x0000000000001e80                __kernel_sin
 .text          0x00000000000020ec       0x10 /data/f-of-e-tools/tools/sunflower/tools/tools-lib/riscv/libm.a(lib_a-s_fabs.o)
                0x00000000000020ec                fabs
 .text          0x00000000000020fc      0x1e4 /data/f-of-e-tools/tools/sunflower/tools/tools-lib/riscv/libm.a(lib_a-s_floor.o)
                0x00000000000020fc                floor
 .text          0x00000000000022e0      0x1ec /data/f-of-e-tools/tools/sunflower/tools/tools-lib/riscv/libm.a(lib_a-s_scalbn.o)
                0x00000000000022e0                scalbn
 .text          0x00000000000024cc       0x24 /data/f-of-e-tools/tools/sunflower/tools/tools-lib/riscv/libm.a(lib_a-s_copysign.o)
                0x00000000000024cc                copysign
 .text          0x00000000000024f0      0x778 /data/f-of-e-tools/tools/sunflower/tools/tools-lib/riscv/libgcc.a(_muldc3.o)
                0x00000000000024f0                __muldc3
 .text          0x0000000000002c68      0x944 /data/f-of-e-tools/tools/sunflower/tools/tools-lib/riscv/libgcc.a(adddf3.o)
                0x0000000000002c68                __adddf3
 .text          0x00000000000035ac       0x8c /data/f-of-e-tools/tools/sunflower/tools/tools-lib/riscv/libgcc.a(eqdf2.o)
                0x00000000000035ac                __eqdf2
                0x00000000000035ac                __nedf2
 .text          0x0000000000003638       0xf0 /data/f-of-e-tools/tools/sunflower/tools/tools-lib/riscv/libgcc.a(gedf2.o)
                0x0000000000003638                __gtdf2
                0x0000000000003638                __gedf2
 .text          0x0000000000003728      0x72c /data/f-of-e-tools/tools/sunflower/tools/tools-lib/riscv/libgcc.a(muldf3.o)
                0x0000000000003728                __muldf3
 .text          0x0000000000003e54      0x904 /data/f-of-e-tools/tools/sunflower/tools/tools-lib/riscv/libgcc.a(subdf3.o)
                0x0000000000003e54                __subdf3
 .text          0x0000000000004758       0x84 /data/f-of-e-tools/tools/sunflower/tools/tools-lib/riscv/libgcc.a(fixdfsi.o)
                0x0000000000004758                __fixdfsi
 .text          0x00000000000047dc       0xfc /data/f-of-e-tools/tools/sunflower/tools/tools-lib/riscv/libgcc.a(floatsidf.o)
                0x00000000000047dc                __floatsidf
 .text          0x00000000000048d8       0x24 /data/f-of-e-tools/tools/sunflower/tools/tools-lib/riscv/libgcc.a(muldi3.o)
                0x00000000000048d8                __mulsi3
 .text          0x00000000000048fc       0xb4 /data/f-of-e-tools/tools/sunflower/tools/tools-lib/riscv/libgcc.a(div.o)
                0x00000000000048fc                __divsi3
                0x0000000000004904                __udivsi3
                0x000000000000494c                __umodsi3
                0x0000000000004980                __modsi3
 .text          0x00000000000049b0       0x94 /data/f-of-e-tools/tools/sunflower/tools/tools-lib/riscv/libgcc.a(_clzsi2.o)
                0x00000000000049b0                __clzsi2
 .text          0x0000000000004a44        0x0 /data/f-of-e-tools/tools/sunflower/tools/tools-lib/riscv/libgcc.a(_clz.o)
                0x000000000000fc24                . = 0xfc24
 *fill*         0x0000000000004a44     0xb1e0 
 *(.strings)
                0x000000000000fc24                _etext = .

.rodata         0x000000000000fc28      0x3b0
 .rodata        0x000000000000fc28       0x98 fft-rc.o
 .rodata        0x000000000000fcc0      0x188 /data/f-of-e-tools/tools/sunflower/tools/tools-lib/riscv/libm.a(lib_a-e_rem_pio2.o)
 .rodata        0x000000000000fe48       0x50 /data/f-of-e-tools/tools/sunflower/tools/tools-lib/riscv/libm.a(lib_a-k_rem_pio2.o)
 .rodata        0x000000000000fe98       0x40 /data/f-of-e-tools/tools/sunflower/tools/tools-lib/riscv/libgcc.a(muldf3.o)
 .rodata        0x000000000000fed8      0x100 /data/f-of-e-tools/tools/sunflower/tools/tools-lib/riscv/libgcc.a(_clz.o)
                0x000000000000fed8                __clz_tab

.srodata.cst8   0x000000000000ffd8      0x118
 .srodata.cst8  0x000000000000ffd8       0x48 /data/f-of-e-tools/tools/sunflower/tools/tools-lib/riscv/libm.a(lib_a-e_rem_pio2.o)
 .srodata.cst8  0x0000000000010020       0x48 /data/f-of-e-tools/tools/sunflower/tools/tools-lib/riscv/libm.a(lib_a-k_cos.o)
                                         0x50 (size before relaxing)
 .srodata.cst8  0x0000000000010068       0x20 /data/f-of-e-tools/tools/sunflower/tools/tools-lib/riscv/libm.a(lib_a-k_rem_pio2.o)
                                         0x38 (size before relaxing)
 .srodata.cst8  0x0000000000010088       0x30 /data/f-of-e-tools/tools/sunflower/tools/tools-lib/riscv/libm.a(lib_a-k_sin.o)
                                         0x38 (size before relaxing)
 .srodata.cst8  0x00000000000100b8        0x8 /data/f-of-e-tools/tools/sunflower/tools/tools-lib/riscv/libm.a(lib_a-s_floor.o)
 .srodata.cst8  0x00000000000100c0       0x18 /data/f-of-e-tools/tools/sunflower/tools/tools-lib/riscv/libm.a(lib_a-s_scalbn.o)
                                         0x20 (size before relaxing)
 .srodata.cst8  0x00000000000100d8       0x18 /data/f-of-e-tools/tools/sunflower/tools/tools-lib/riscv/libgcc.a(_muldc3.o)
                                         0x20 (size before relaxing)

.rela.dyn       0x00000000000100f0        0x0
 .rela.text     0x00000000000100f0        0x0 init.o

.data           0x00000000000100f0        0x0
 *(.data)
 .data          0x00000000000100f0        0x0 init.o
 .data          0x00000000000100f0        0x0 fft-rc.o
 .data          0x00000000000100f0        0x0 /data/f-of-e-tools/tools/sunflower/tools/tools-lib/riscv/libc.a(lib_a-memcpy.o)
 .data          0x00000000000100f0        0x0 /data/f-of-e-tools/tools/sunflower/tools/tools-lib/riscv/libm.a(lib_a-s_cos.o)
 .data          0x00000000000100f0        0x0 /data/f-of-e-tools/tools/sunflower/tools/tools-lib/riscv/libm.a(lib_a-s_sin.o)
 .data          0x00000000000100f0        0x0 /data/f-of-e-tools/tools/sunflower/tools/tools-lib/riscv/libm.a(lib_a-e_rem_pio2.o)
 .data          0x00000000000100f0        0x0 /data/f-of-e-tools/tools/sunflower/tools/tools-lib/riscv/libm.a(lib_a-k_cos.o)
 .data          0x00000000000100f0        0x0 /data/f-of-e-tools/tools/sunflower/tools/tools-lib/riscv/libm.a(lib_a-k_rem_pio2.o)
 .data          0x00000000000100f0        0x0 /data/f-of-e-tools/tools/sunflower/tools/tools-lib/riscv/libm.a(lib_a-k_sin.o)
 .data          0x00000000000100f0        0x0 /data/f-of-e-tools/tools/sunflower/tools/tools-lib/riscv/libm.a(lib_a-s_fabs.o)
 .data          0x00000000000100f0        0x0 /data/f-of-e-tools/tools/sunflower/tools/tools-lib/riscv/libm.a(lib_a-s_floor.o)
 .data          0x00000000000100f0        0x0 /data/f-of-e-tools/tools/sunflower/tools/tools-lib/riscv/libm.a(lib_a-s_scalbn.o)
 .data          0x00000000000100f0        0x0 /data/f-of-e-tools/tools/sunflower/tools/tools-lib/riscv/libm.a(lib_a-s_copysign.o)
 .data          0x00000000000100f0        0x0 /data/f-of-e-tools/tools/sunflower/tools/tools-lib/riscv/libgcc.a(_muldc3.o)
 .data          0x00000000000100f0        0x0 /data/f-of-e-tools/tools/sunflower/tools/tools-lib/riscv/libgcc.a(adddf3.o)
 .data          0x00000000000100f0        0x0 /data/f-of-e-tools/tools/sunflower/tools/tools-lib/riscv/libgcc.a(eqdf2.o)
 .data          0x00000000000100f0        0x0 /data/f-of-e-tools/tools/sunflower/tools/tools-lib/riscv/libgcc.a(gedf2.o)
 .data          0x00000000000100f0        0x0 /data/f-of-e-tools/tools/sunflower/tools/tools-lib/riscv/libgcc.a(muldf3.o)
 .data          0x00000000000100f0        0x0 /data/f-of-e-tools/tools/sunflower/tools/tools-lib/riscv/libgcc.a(subdf3.o)
 .data          0x00000000000100f0        0x0 /data/f-of-e-tools/tools/sunflower/tools/tools-lib/riscv/libgcc.a(fixdfsi.o)
 .data          0x00000000000100f0        0x0 /data/f-of-e-tools/tools/sunflower/tools/tools-lib/riscv/libgcc.a(floatsidf.o)
 .data          0x00000000000100f0        0x0 /data/f-of-e-tools/tools/sunflower/tools/tools-lib/riscv/libgcc.a(muldi3.o)
 .data          0x00000000000100f0        0x0 /data/f-of-e-tools/tools/sunflower/tools/tools-lib/riscv/libgcc.a(div.o)
 .data          0x00000000000100f0        0x0 /data/f-of-e-tools/tools/sunflower/tools/tools-lib/riscv/libgcc.a(_clzsi2.o)
 .data          0x00000000000100f0        0x0 /data/f-of-e-tools/tools/sunflower/tools/tools-lib/riscv/libgcc.a(_clz.o)

.bss            0x00000000000100f0        0x8
 *(.bss)
 .bss           0x00000000000100f0        0x0 init.o
 .bss           0x00000000000100f0        0x0 fft-rc.o
 .bss           0x00000000000100f0        0x0 /data/f-of-e-tools/tools/sunflower/tools/tools-lib/riscv/libc.a(lib_a-memcpy.o)
 .bss           0x00000000000100f0        0x0 /data/f-of-e-tools/tools/sunflower/tools/tools-lib/riscv/libm.a(lib_a-s_cos.o)
 .bss           0x00000000000100f0        0x0 /data/f-of-e-tools/tools/sunflower/tools/tools-lib/riscv/libm.a(lib_a-s_sin.o)
 .bss           0x00000000000100f0        0x0 /data/f-of-e-tools/tools/sunflower/tools/tools-lib/riscv/libm.a(lib_a-e_rem_pio2.o)
 .bss           0x00000000000100f0        0x0 /data/f-of-e-tools/tools/sunflower/tools/tools-lib/riscv/libm.a(lib_a-k_cos.o)
 .bss           0x00000000000100f0        0x0 /data/f-of-e-tools/tools/sunflower/tools/tools-lib/riscv/libm.a(lib_a-k_rem_pio2.o)
 .bss           0x00000000000100f0        0x0 /data/f-of-e-tools/tools/sunflower/tools/tools-lib/riscv/libm.a(lib_a-k_sin.o)
 .bss           0x00000000000100f0        0x0 /data/f-of-e-tools/tools/sunflower/tools/tools-lib/riscv/libm.a(lib_a-s_fabs.o)
 .bss           0x00000000000100f0        0x0 /data/f-of-e-tools/tools/sunflower/tools/tools-lib/riscv/libm.a(lib_a-s_floor.o)
 .bss           0x00000000000100f0        0x0 /data/f-of-e-tools/tools/sunflower/tools/tools-lib/riscv/libm.a(lib_a-s_scalbn.o)
 .bss           0x00000000000100f0        0x0 /data/f-of-e-tools/tools/sunflower/tools/tools-lib/riscv/libm.a(lib_a-s_copysign.o)
 .bss           0x00000000000100f0        0x0 /data/f-of-e-tools/tools/sunflower/tools/tools-lib/riscv/libgcc.a(_muldc3.o)
 .bss           0x00000000000100f0        0x0 /data/f-of-e-tools/tools/sunflower/tools/tools-lib/riscv/libgcc.a(adddf3.o)
 .bss           0x00000000000100f0        0x0 /data/f-of-e-tools/tools/sunflower/tools/tools-lib/riscv/libgcc.a(eqdf2.o)
 .bss           0x00000000000100f0        0x0 /data/f-of-e-tools/tools/sunflower/tools/tools-lib/riscv/libgcc.a(gedf2.o)
 .bss           0x00000000000100f0        0x0 /data/f-of-e-tools/tools/sunflower/tools/tools-lib/riscv/libgcc.a(muldf3.o)
 .bss           0x00000000000100f0        0x0 /data/f-of-e-tools/tools/sunflower/tools/tools-lib/riscv/libgcc.a(subdf3.o)
 .bss           0x00000000000100f0        0x0 /data/f-of-e-tools/tools/sunflower/tools/tools-lib/riscv/libgcc.a(fixdfsi.o)
 .bss           0x00000000000100f0        0x0 /data/f-of-e-tools/tools/sunflower/tools/tools-lib/riscv/libgcc.a(floatsidf.o)
 .bss           0x00000000000100f0        0x0 /data/f-of-e-tools/tools/sunflower/tools/tools-lib/riscv/libgcc.a(muldi3.o)
 .bss           0x00000000000100f0        0x0 /data/f-of-e-tools/tools/sunflower/tools/tools-lib/riscv/libgcc.a(div.o)
 .bss           0x00000000000100f0        0x0 /data/f-of-e-tools/tools/sunflower/tools/tools-lib/riscv/libgcc.a(_clzsi2.o)
 .bss           0x00000000000100f0        0x0 /data/f-of-e-tools/tools/sunflower/tools/tools-lib/riscv/libgcc.a(_clz.o)
 COMMON         0x00000000000100f0        0x8 fft-rc.o
                0x00000000000100f0                PI
LOAD init.o
LOAD fft-rc.o
LOAD /data/f-of-e-tools/tools/sunflower/tools/tools-lib/riscv/libc.a
LOAD /data/f-of-e-tools/tools/sunflower/tools/tools-lib/riscv/libm.a
LOAD /data/f-of-e-tools/tools/sunflower/tools/tools-lib/riscv/libgcc.a
OUTPUT(fft-rc elf32-littleriscv)

.comment        0x0000000000000000       0x11
 .comment       0x0000000000000000       0x11 fft-rc.o
                                         0x12 (size before relaxing)
 .comment       0x0000000000000011       0x12 /data/f-of-e-tools/tools/sunflower/tools/tools-lib/riscv/libc.a(lib_a-memcpy.o)
 .comment       0x0000000000000011       0x12 /data/f-of-e-tools/tools/sunflower/tools/tools-lib/riscv/libm.a(lib_a-s_cos.o)
 .comment       0x0000000000000011       0x12 /data/f-of-e-tools/tools/sunflower/tools/tools-lib/riscv/libm.a(lib_a-s_sin.o)
 .comment       0x0000000000000011       0x12 /data/f-of-e-tools/tools/sunflower/tools/tools-lib/riscv/libm.a(lib_a-e_rem_pio2.o)
 .comment       0x0000000000000011       0x12 /data/f-of-e-tools/tools/sunflower/tools/tools-lib/riscv/libm.a(lib_a-k_cos.o)
 .comment       0x0000000000000011       0x12 /data/f-of-e-tools/tools/sunflower/tools/tools-lib/riscv/libm.a(lib_a-k_rem_pio2.o)
 .comment       0x0000000000000011       0x12 /data/f-of-e-tools/tools/sunflower/tools/tools-lib/riscv/libm.a(lib_a-k_sin.o)
 .comment       0x0000000000000011       0x12 /data/f-of-e-tools/tools/sunflower/tools/tools-lib/riscv/libm.a(lib_a-s_fabs.o)
 .comment       0x0000000000000011       0x12 /data/f-of-e-tools/tools/sunflower/tools/tools-lib/riscv/libm.a(lib_a-s_floor.o)
 .comment       0x0000000000000011       0x12 /data/f-of-e-tools/tools/sunflower/tools/tools-lib/riscv/libm.a(lib_a-s_scalbn.o)
 .comment       0x0000000000000011       0x12 /data/f-of-e-tools/tools/sunflower/tools/tools-lib/riscv/libm.a(lib_a-s_copysign.o)
 .comment       0x0000000000000011       0x12 /data/f-of-e-tools/tools/sunflower/tools/tools-lib/riscv/libgcc.a(_muldc3.o)
 .comment       0x0000000000000011       0x12 /data/f-of-e-tools/tools/sunflower/tools/tools-lib/riscv/libgcc.a(adddf3.o)
 .comment       0x0000000000000011       0x12 /data/f-of-e-tools/tools/sunflower/tools/tools-lib/riscv/libgcc.a(eqdf2.o)
 .comment       0x0000000000000011       0x12 /data/f-of-e-tools/tools/sunflower/tools/tools-lib/riscv/libgcc.a(gedf2.o)
 .comment       0x0000000000000011       0x12 /data/f-of-e-tools/tools/sunflower/tools/tools-lib/riscv/libgcc.a(muldf3.o)
 .comment       0x0000000000000011       0x12 /data/f-of-e-tools/tools/sunflower/tools/tools-lib/riscv/libgcc.a(subdf3.o)
 .comment       0x0000000000000011       0x12 /data/f-of-e-tools/tools/sunflower/tools/tools-lib/riscv/libgcc.a(fixdfsi.o)
 .comment       0x0000000000000011       0x12 /data/f-of-e-tools/tools/sunflower/tools/tools-lib/riscv/libgcc.a(floatsidf.o)
 .comment       0x0000000000000011       0x12 /data/f-of-e-tools/tools/sunflower/tools/tools-lib/riscv/libgcc.a(_clzsi2.o)
 .comment       0x0000000000000011       0x12 /data/f-of-e-tools/tools/sunflower/tools/tools-lib/riscv/libgcc.a(_clz.o)

.debug_frame    0x0000000000000000      0x804
 .debug_frame   0x0000000000000000       0x20 /data/f-of-e-tools/tools/sunflower/tools/tools-lib/riscv/libc.a(lib_a-memcpy.o)
 .debug_frame   0x0000000000000020       0x6c /data/f-of-e-tools/tools/sunflower/tools/tools-lib/riscv/libm.a(lib_a-s_cos.o)
 .debug_frame   0x000000000000008c       0x6c /data/f-of-e-tools/tools/sunflower/tools/tools-lib/riscv/libm.a(lib_a-s_sin.o)
 .debug_frame   0x00000000000000f8       0xa8 /data/f-of-e-tools/tools/sunflower/tools/tools-lib/riscv/libm.a(lib_a-e_rem_pio2.o)
 .debug_frame   0x00000000000001a0       0xa8 /data/f-of-e-tools/tools/sunflower/tools/tools-lib/riscv/libm.a(lib_a-k_cos.o)
 .debug_frame   0x0000000000000248       0xa8 /data/f-of-e-tools/tools/sunflower/tools/tools-lib/riscv/libm.a(lib_a-k_rem_pio2.o)
 .debug_frame   0x00000000000002f0       0xa4 /data/f-of-e-tools/tools/sunflower/tools/tools-lib/riscv/libm.a(lib_a-k_sin.o)
 .debug_frame   0x0000000000000394       0x20 /data/f-of-e-tools/tools/sunflower/tools/tools-lib/riscv/libm.a(lib_a-s_fabs.o)
 .debug_frame   0x00000000000003b4       0x7c /data/f-of-e-tools/tools/sunflower/tools/tools-lib/riscv/libm.a(lib_a-s_floor.o)
 .debug_frame   0x0000000000000430       0xcc /data/f-of-e-tools/tools/sunflower/tools/tools-lib/riscv/libm.a(lib_a-s_scalbn.o)
 .debug_frame   0x00000000000004fc       0x20 /data/f-of-e-tools/tools/sunflower/tools/tools-lib/riscv/libm.a(lib_a-s_copysign.o)
 .debug_frame   0x000000000000051c       0xbc /data/f-of-e-tools/tools/sunflower/tools/tools-lib/riscv/libgcc.a(_muldc3.o)
 .debug_frame   0x00000000000005d8       0x68 /data/f-of-e-tools/tools/sunflower/tools/tools-lib/riscv/libgcc.a(adddf3.o)
 .debug_frame   0x0000000000000640       0x20 /data/f-of-e-tools/tools/sunflower/tools/tools-lib/riscv/libgcc.a(eqdf2.o)
 .debug_frame   0x0000000000000660       0x20 /data/f-of-e-tools/tools/sunflower/tools/tools-lib/riscv/libgcc.a(gedf2.o)
 .debug_frame   0x0000000000000680       0x88 /data/f-of-e-tools/tools/sunflower/tools/tools-lib/riscv/libgcc.a(muldf3.o)
 .debug_frame   0x0000000000000708       0x68 /data/f-of-e-tools/tools/sunflower/tools/tools-lib/riscv/libgcc.a(subdf3.o)
 .debug_frame   0x0000000000000770       0x20 /data/f-of-e-tools/tools/sunflower/tools/tools-lib/riscv/libgcc.a(fixdfsi.o)
 .debug_frame   0x0000000000000790       0x54 /data/f-of-e-tools/tools/sunflower/tools/tools-lib/riscv/libgcc.a(floatsidf.o)
 .debug_frame   0x00000000000007e4       0x20 /data/f-of-e-tools/tools/sunflower/tools/tools-lib/riscv/libgcc.a(_clzsi2.o)

.debug_info     0x0000000000000000     0xbc92
 .debug_info    0x0000000000000000      0xae6 /data/f-of-e-tools/tools/sunflower/tools/tools-lib/riscv/libc.a(lib_a-memcpy.o)
 .debug_info    0x0000000000000ae6      0xad7 /data/f-of-e-tools/tools/sunflower/tools/tools-lib/riscv/libm.a(lib_a-s_cos.o)
 .debug_info    0x00000000000015bd      0xadd /data/f-of-e-tools/tools/sunflower/tools/tools-lib/riscv/libm.a(lib_a-s_sin.o)
 .debug_info    0x000000000000209a      0xcef /data/f-of-e-tools/tools/sunflower/tools/tools-lib/riscv/libm.a(lib_a-e_rem_pio2.o)
 .debug_info    0x0000000000002d89      0xb1a /data/f-of-e-tools/tools/sunflower/tools/tools-lib/riscv/libm.a(lib_a-k_cos.o)
 .debug_info    0x00000000000038a3      0xc50 /data/f-of-e-tools/tools/sunflower/tools/tools-lib/riscv/libm.a(lib_a-k_rem_pio2.o)
 .debug_info    0x00000000000044f3      0xaf1 /data/f-of-e-tools/tools/sunflower/tools/tools-lib/riscv/libm.a(lib_a-k_sin.o)
 .debug_info    0x0000000000004fe4      0xa1b /data/f-of-e-tools/tools/sunflower/tools/tools-lib/riscv/libm.a(lib_a-s_fabs.o)
 .debug_info    0x00000000000059ff      0xa82 /data/f-of-e-tools/tools/sunflower/tools/tools-lib/riscv/libm.a(lib_a-s_floor.o)
 .debug_info    0x0000000000006481      0xaf5 /data/f-of-e-tools/tools/sunflower/tools/tools-lib/riscv/libm.a(lib_a-s_scalbn.o)
 .debug_info    0x0000000000006f76      0xa45 /data/f-of-e-tools/tools/sunflower/tools/tools-lib/riscv/libm.a(lib_a-s_copysign.o)
 .debug_info    0x00000000000079bb      0xc50 /data/f-of-e-tools/tools/sunflower/tools/tools-lib/riscv/libgcc.a(_muldc3.o)
 .debug_info    0x000000000000860b      0x5b9 /data/f-of-e-tools/tools/sunflower/tools/tools-lib/riscv/libgcc.a(adddf3.o)
 .debug_info    0x0000000000008bc4      0x28d /data/f-of-e-tools/tools/sunflower/tools/tools-lib/riscv/libgcc.a(eqdf2.o)
 .debug_info    0x0000000000008e51      0x288 /data/f-of-e-tools/tools/sunflower/tools/tools-lib/riscv/libgcc.a(gedf2.o)
 .debug_info    0x00000000000090d9      0xa04 /data/f-of-e-tools/tools/sunflower/tools/tools-lib/riscv/libgcc.a(muldf3.o)
 .debug_info    0x0000000000009add      0x5b7 /data/f-of-e-tools/tools/sunflower/tools/tools-lib/riscv/libgcc.a(subdf3.o)
 .debug_info    0x000000000000a094      0x217 /data/f-of-e-tools/tools/sunflower/tools/tools-lib/riscv/libgcc.a(fixdfsi.o)
 .debug_info    0x000000000000a2ab      0x2bc /data/f-of-e-tools/tools/sunflower/tools/tools-lib/riscv/libgcc.a(floatsidf.o)
 .debug_info    0x000000000000a567       0x26 /data/f-of-e-tools/tools/sunflower/tools/tools-lib/riscv/libgcc.a(muldi3.o)
 .debug_info    0x000000000000a58d       0x26 /data/f-of-e-tools/tools/sunflower/tools/tools-lib/riscv/libgcc.a(div.o)
 .debug_info    0x000000000000a5b3      0xba6 /data/f-of-e-tools/tools/sunflower/tools/tools-lib/riscv/libgcc.a(_clzsi2.o)
 .debug_info    0x000000000000b159      0xb39 /data/f-of-e-tools/tools/sunflower/tools/tools-lib/riscv/libgcc.a(_clz.o)

.debug_abbrev   0x0000000000000000     0x2c7a
 .debug_abbrev  0x0000000000000000      0x25e /data/f-of-e-tools/tools/sunflower/tools/tools-lib/riscv/libc.a(lib_a-memcpy.o)
 .debug_abbrev  0x000000000000025e      0x28d /data/f-of-e-tools/tools/sunflower/tools/tools-lib/riscv/libm.a(lib_a-s_cos.o)
 .debug_abbrev  0x00000000000004eb      0x298 /data/f-of-e-tools/tools/sunflower/tools/tools-lib/riscv/libm.a(lib_a-s_sin.o)
 .debug_abbrev  0x0000000000000783      0x2c2 /data/f-of-e-tools/tools/sunflower/tools/tools-lib/riscv/libm.a(lib_a-e_rem_pio2.o)
 .debug_abbrev  0x0000000000000a45      0x24c /data/f-of-e-tools/tools/sunflower/tools/tools-lib/riscv/libm.a(lib_a-k_cos.o)
 .debug_abbrev  0x0000000000000c91      0x2d3 /data/f-of-e-tools/tools/sunflower/tools/tools-lib/riscv/libm.a(lib_a-k_rem_pio2.o)
 .debug_abbrev  0x0000000000000f64      0x252 /data/f-of-e-tools/tools/sunflower/tools/tools-lib/riscv/libm.a(lib_a-k_sin.o)
 .debug_abbrev  0x00000000000011b6      0x226 /data/f-of-e-tools/tools/sunflower/tools/tools-lib/riscv/libm.a(lib_a-s_fabs.o)
 .debug_abbrev  0x00000000000013dc      0x24a /data/f-of-e-tools/tools/sunflower/tools/tools-lib/riscv/libm.a(lib_a-s_floor.o)
 .debug_abbrev  0x0000000000001626      0x270 /data/f-of-e-tools/tools/sunflower/tools/tools-lib/riscv/libm.a(lib_a-s_scalbn.o)
 .debug_abbrev  0x0000000000001896      0x244 /data/f-of-e-tools/tools/sunflower/tools/tools-lib/riscv/libm.a(lib_a-s_copysign.o)
 .debug_abbrev  0x0000000000001ada      0x237 /data/f-of-e-tools/tools/sunflower/tools/tools-lib/riscv/libgcc.a(_muldc3.o)
 .debug_abbrev  0x0000000000001d11      0x196 /data/f-of-e-tools/tools/sunflower/tools/tools-lib/riscv/libgcc.a(adddf3.o)
 .debug_abbrev  0x0000000000001ea7      0x197 /data/f-of-e-tools/tools/sunflower/tools/tools-lib/riscv/libgcc.a(eqdf2.o)
 .debug_abbrev  0x000000000000203e      0x199 /data/f-of-e-tools/tools/sunflower/tools/tools-lib/riscv/libgcc.a(gedf2.o)
 .debug_abbrev  0x00000000000021d7      0x1a8 /data/f-of-e-tools/tools/sunflower/tools/tools-lib/riscv/libgcc.a(muldf3.o)
 .debug_abbrev  0x000000000000237f      0x1a7 /data/f-of-e-tools/tools/sunflower/tools/tools-lib/riscv/libgcc.a(subdf3.o)
 .debug_abbrev  0x0000000000002526      0x18a /data/f-of-e-tools/tools/sunflower/tools/tools-lib/riscv/libgcc.a(fixdfsi.o)
 .debug_abbrev  0x00000000000026b0      0x178 /data/f-of-e-tools/tools/sunflower/tools/tools-lib/riscv/libgcc.a(floatsidf.o)
 .debug_abbrev  0x0000000000002828       0x14 /data/f-of-e-tools/tools/sunflower/tools/tools-lib/riscv/libgcc.a(muldi3.o)
 .debug_abbrev  0x000000000000283c       0x14 /data/f-of-e-tools/tools/sunflower/tools/tools-lib/riscv/libgcc.a(div.o)
 .debug_abbrev  0x0000000000002850      0x242 /data/f-of-e-tools/tools/sunflower/tools/tools-lib/riscv/libgcc.a(_clzsi2.o)
 .debug_abbrev  0x0000000000002a92      0x1e8 /data/f-of-e-tools/tools/sunflower/tools/tools-lib/riscv/libgcc.a(_clz.o)

.debug_loc      0x0000000000000000     0x736b
 .debug_loc     0x0000000000000000      0x280 /data/f-of-e-tools/tools/sunflower/tools/tools-lib/riscv/libc.a(lib_a-memcpy.o)
 .debug_loc     0x0000000000000280       0xaf /data/f-of-e-tools/tools/sunflower/tools/tools-lib/riscv/libm.a(lib_a-s_cos.o)
 .debug_loc     0x000000000000032f       0xaf /data/f-of-e-tools/tools/sunflower/tools/tools-lib/riscv/libm.a(lib_a-s_sin.o)
 .debug_loc     0x00000000000003de      0x5c3 /data/f-of-e-tools/tools/sunflower/tools/tools-lib/riscv/libm.a(lib_a-e_rem_pio2.o)
 .debug_loc     0x00000000000009a1      0x1dd /data/f-of-e-tools/tools/sunflower/tools/tools-lib/riscv/libm.a(lib_a-k_cos.o)
 .debug_loc     0x0000000000000b7e      0xd3a /data/f-of-e-tools/tools/sunflower/tools/tools-lib/riscv/libm.a(lib_a-k_rem_pio2.o)
 .debug_loc     0x00000000000018b8      0x13b /data/f-of-e-tools/tools/sunflower/tools/tools-lib/riscv/libm.a(lib_a-k_sin.o)
 .debug_loc     0x00000000000019f3       0x18 /data/f-of-e-tools/tools/sunflower/tools/tools-lib/riscv/libm.a(lib_a-s_fabs.o)
 .debug_loc     0x0000000000001a0b      0x2dd /data/f-of-e-tools/tools/sunflower/tools/tools-lib/riscv/libm.a(lib_a-s_floor.o)
 .debug_loc     0x0000000000001ce8      0x1ff /data/f-of-e-tools/tools/sunflower/tools/tools-lib/riscv/libm.a(lib_a-s_scalbn.o)
 .debug_loc     0x0000000000001ee7       0x18 /data/f-of-e-tools/tools/sunflower/tools/tools-lib/riscv/libm.a(lib_a-s_copysign.o)
 .debug_loc     0x0000000000001eff      0x527 /data/f-of-e-tools/tools/sunflower/tools/tools-lib/riscv/libgcc.a(_muldc3.o)
 .debug_loc     0x0000000000002426     0x1ce3 /data/f-of-e-tools/tools/sunflower/tools/tools-lib/riscv/libgcc.a(adddf3.o)
 .debug_loc     0x0000000000004109       0x9a /data/f-of-e-tools/tools/sunflower/tools/tools-lib/riscv/libgcc.a(eqdf2.o)
 .debug_loc     0x00000000000041a3      0x2a9 /data/f-of-e-tools/tools/sunflower/tools/tools-lib/riscv/libgcc.a(gedf2.o)
 .debug_loc     0x000000000000444c     0x1138 /data/f-of-e-tools/tools/sunflower/tools/tools-lib/riscv/libgcc.a(muldf3.o)
 .debug_loc     0x0000000000005584     0x19bb /data/f-of-e-tools/tools/sunflower/tools/tools-lib/riscv/libgcc.a(subdf3.o)
 .debug_loc     0x0000000000006f3f      0x15b /data/f-of-e-tools/tools/sunflower/tools/tools-lib/riscv/libgcc.a(fixdfsi.o)
 .debug_loc     0x000000000000709a      0x1dc /data/f-of-e-tools/tools/sunflower/tools/tools-lib/riscv/libgcc.a(floatsidf.o)
 .debug_loc     0x0000000000007276       0xf5 /data/f-of-e-tools/tools/sunflower/tools/tools-lib/riscv/libgcc.a(_clzsi2.o)

.debug_aranges  0x0000000000000000      0x2d8
 .debug_aranges
                0x0000000000000000       0x20 /data/f-of-e-tools/tools/sunflower/tools/tools-lib/riscv/libc.a(lib_a-memcpy.o)
 .debug_aranges
                0x0000000000000020       0x20 /data/f-of-e-tools/tools/sunflower/tools/tools-lib/riscv/libm.a(lib_a-s_cos.o)
 .debug_aranges
                0x0000000000000040       0x20 /data/f-of-e-tools/tools/sunflower/tools/tools-lib/riscv/libm.a(lib_a-s_sin.o)
 .debug_aranges
                0x0000000000000060       0x20 /data/f-of-e-tools/tools/sunflower/tools/tools-lib/riscv/libm.a(lib_a-e_rem_pio2.o)
 .debug_aranges
                0x0000000000000080       0x20 /data/f-of-e-tools/tools/sunflower/tools/tools-lib/riscv/libm.a(lib_a-k_cos.o)
 .debug_aranges
                0x00000000000000a0       0x20 /data/f-of-e-tools/tools/sunflower/tools/tools-lib/riscv/libm.a(lib_a-k_rem_pio2.o)
 .debug_aranges
                0x00000000000000c0       0x20 /data/f-of-e-tools/tools/sunflower/tools/tools-lib/riscv/libm.a(lib_a-k_sin.o)
 .debug_aranges
                0x00000000000000e0       0x20 /data/f-of-e-tools/tools/sunflower/tools/tools-lib/riscv/libm.a(lib_a-s_fabs.o)
 .debug_aranges
                0x0000000000000100       0x20 /data/f-of-e-tools/tools/sunflower/tools/tools-lib/riscv/libm.a(lib_a-s_floor.o)
 .debug_aranges
                0x0000000000000120       0x20 /data/f-of-e-tools/tools/sunflower/tools/tools-lib/riscv/libm.a(lib_a-s_scalbn.o)
 .debug_aranges
                0x0000000000000140       0x20 /data/f-of-e-tools/tools/sunflower/tools/tools-lib/riscv/libm.a(lib_a-s_copysign.o)
 .debug_aranges
                0x0000000000000160       0x20 /data/f-of-e-tools/tools/sunflower/tools/tools-lib/riscv/libgcc.a(_muldc3.o)
 .debug_aranges
                0x0000000000000180       0x20 /data/f-of-e-tools/tools/sunflower/tools/tools-lib/riscv/libgcc.a(adddf3.o)
 .debug_aranges
                0x00000000000001a0       0x20 /data/f-of-e-tools/tools/sunflower/tools/tools-lib/riscv/libgcc.a(eqdf2.o)
 .debug_aranges
                0x00000000000001c0       0x20 /data/f-of-e-tools/tools/sunflower/tools/tools-lib/riscv/libgcc.a(gedf2.o)
 .debug_aranges
                0x00000000000001e0       0x20 /data/f-of-e-tools/tools/sunflower/tools/tools-lib/riscv/libgcc.a(muldf3.o)
 .debug_aranges
                0x0000000000000200       0x20 /data/f-of-e-tools/tools/sunflower/tools/tools-lib/riscv/libgcc.a(subdf3.o)
 .debug_aranges
                0x0000000000000220       0x20 /data/f-of-e-tools/tools/sunflower/tools/tools-lib/riscv/libgcc.a(fixdfsi.o)
 .debug_aranges
                0x0000000000000240       0x20 /data/f-of-e-tools/tools/sunflower/tools/tools-lib/riscv/libgcc.a(floatsidf.o)
 .debug_aranges
                0x0000000000000260       0x20 /data/f-of-e-tools/tools/sunflower/tools/tools-lib/riscv/libgcc.a(muldi3.o)
 .debug_aranges
                0x0000000000000280       0x20 /data/f-of-e-tools/tools/sunflower/tools/tools-lib/riscv/libgcc.a(div.o)
 .debug_aranges
                0x00000000000002a0       0x20 /data/f-of-e-tools/tools/sunflower/tools/tools-lib/riscv/libgcc.a(_clzsi2.o)
 .debug_aranges
                0x00000000000002c0       0x18 /data/f-of-e-tools/tools/sunflower/tools/tools-lib/riscv/libgcc.a(_clz.o)

.debug_ranges   0x0000000000000000      0x9c8
 .debug_ranges  0x0000000000000000       0x28 /data/f-of-e-tools/tools/sunflower/tools/tools-lib/riscv/libc.a(lib_a-memcpy.o)
 .debug_ranges  0x0000000000000028       0x48 /data/f-of-e-tools/tools/sunflower/tools/tools-lib/riscv/libm.a(lib_a-e_rem_pio2.o)
 .debug_ranges  0x0000000000000070       0x18 /data/f-of-e-tools/tools/sunflower/tools/tools-lib/riscv/libm.a(lib_a-s_floor.o)
 .debug_ranges  0x0000000000000088       0x68 /data/f-of-e-tools/tools/sunflower/tools/tools-lib/riscv/libm.a(lib_a-s_scalbn.o)
 .debug_ranges  0x00000000000000f0       0x18 /data/f-of-e-tools/tools/sunflower/tools/tools-lib/riscv/libm.a(lib_a-s_copysign.o)
 .debug_ranges  0x0000000000000108      0x298 /data/f-of-e-tools/tools/sunflower/tools/tools-lib/riscv/libgcc.a(adddf3.o)
 .debug_ranges  0x00000000000003a0       0x48 /data/f-of-e-tools/tools/sunflower/tools/tools-lib/riscv/libgcc.a(eqdf2.o)
 .debug_ranges  0x00000000000003e8       0x68 /data/f-of-e-tools/tools/sunflower/tools/tools-lib/riscv/libgcc.a(gedf2.o)
 .debug_ranges  0x0000000000000450      0x210 /data/f-of-e-tools/tools/sunflower/tools/tools-lib/riscv/libgcc.a(muldf3.o)
 .debug_ranges  0x0000000000000660      0x2a8 /data/f-of-e-tools/tools/sunflower/tools/tools-lib/riscv/libgcc.a(subdf3.o)
 .debug_ranges  0x0000000000000908       0x18 /data/f-of-e-tools/tools/sunflower/tools/tools-lib/riscv/libgcc.a(fixdfsi.o)
 .debug_ranges  0x0000000000000920       0x78 /data/f-of-e-tools/tools/sunflower/tools/tools-lib/riscv/libgcc.a(floatsidf.o)
 .debug_ranges  0x0000000000000998       0x30 /data/f-of-e-tools/tools/sunflower/tools/tools-lib/riscv/libgcc.a(_clzsi2.o)

.debug_line     0x0000000000000000     0x8aa4
 .debug_line    0x0000000000000000      0x50d /data/f-of-e-tools/tools/sunflower/tools/tools-lib/riscv/libc.a(lib_a-memcpy.o)
 .debug_line    0x000000000000050d      0x3ab /data/f-of-e-tools/tools/sunflower/tools/tools-lib/riscv/libm.a(lib_a-s_cos.o)
 .debug_line    0x00000000000008b8      0x3ac /data/f-of-e-tools/tools/sunflower/tools/tools-lib/riscv/libm.a(lib_a-s_sin.o)
 .debug_line    0x0000000000000c64      0xb48 /data/f-of-e-tools/tools/sunflower/tools/tools-lib/riscv/libm.a(lib_a-e_rem_pio2.o)
 .debug_line    0x00000000000017ac      0x4f0 /data/f-of-e-tools/tools/sunflower/tools/tools-lib/riscv/libm.a(lib_a-k_cos.o)
 .debug_line    0x0000000000001c9c     0x1159 /data/f-of-e-tools/tools/sunflower/tools/tools-lib/riscv/libm.a(lib_a-k_rem_pio2.o)
 .debug_line    0x0000000000002df5      0x42c /data/f-of-e-tools/tools/sunflower/tools/tools-lib/riscv/libm.a(lib_a-k_sin.o)
 .debug_line    0x0000000000003221      0x2ab /data/f-of-e-tools/tools/sunflower/tools/tools-lib/riscv/libm.a(lib_a-s_fabs.o)
 .debug_line    0x00000000000034cc      0x56c /data/f-of-e-tools/tools/sunflower/tools/tools-lib/riscv/libm.a(lib_a-s_floor.o)
 .debug_line    0x0000000000003a38      0x509 /data/f-of-e-tools/tools/sunflower/tools/tools-lib/riscv/libm.a(lib_a-s_scalbn.o)
 .debug_line    0x0000000000003f41      0x2a7 /data/f-of-e-tools/tools/sunflower/tools/tools-lib/riscv/libm.a(lib_a-s_copysign.o)
 .debug_line    0x00000000000041e8      0x6ca /data/f-of-e-tools/tools/sunflower/tools/tools-lib/riscv/libgcc.a(_muldc3.o)
 .debug_line    0x00000000000048b2     0x10b8 /data/f-of-e-tools/tools/sunflower/tools/tools-lib/riscv/libgcc.a(adddf3.o)
 .debug_line    0x000000000000596a      0x22e /data/f-of-e-tools/tools/sunflower/tools/tools-lib/riscv/libgcc.a(eqdf2.o)
 .debug_line    0x0000000000005b98      0x317 /data/f-of-e-tools/tools/sunflower/tools/tools-lib/riscv/libgcc.a(gedf2.o)
 .debug_line    0x0000000000005eaf      0xfe6 /data/f-of-e-tools/tools/sunflower/tools/tools-lib/riscv/libgcc.a(muldf3.o)
 .debug_line    0x0000000000006e95     0x10bf /data/f-of-e-tools/tools/sunflower/tools/tools-lib/riscv/libgcc.a(subdf3.o)
 .debug_line    0x0000000000007f54      0x1ec /data/f-of-e-tools/tools/sunflower/tools/tools-lib/riscv/libgcc.a(fixdfsi.o)
 .debug_line    0x0000000000008140      0x2b2 /data/f-of-e-tools/tools/sunflower/tools/tools-lib/riscv/libgcc.a(floatsidf.o)
 .debug_line    0x00000000000083f2       0x86 /data/f-of-e-tools/tools/sunflower/tools/tools-lib/riscv/libgcc.a(muldi3.o)
 .debug_line    0x0000000000008478      0x15c /data/f-of-e-tools/tools/sunflower/tools/tools-lib/riscv/libgcc.a(div.o)
 .debug_line    0x00000000000085d4      0x2d2 /data/f-of-e-tools/tools/sunflower/tools/tools-lib/riscv/libgcc.a(_clzsi2.o)
 .debug_line    0x00000000000088a6      0x1fe /data/f-of-e-tools/tools/sunflower/tools/tools-lib/riscv/libgcc.a(_clz.o)

.debug_str      0x0000000000000000     0x117b
 .debug_str     0x0000000000000000      0x520 /data/f-of-e-tools/tools/sunflower/tools/tools-lib/riscv/libc.a(lib_a-memcpy.o)
                                        0x58f (size before relaxing)
 .debug_str     0x0000000000000520      0x151 /data/f-of-e-tools/tools/sunflower/tools/tools-lib/riscv/libm.a(lib_a-s_cos.o)
                                        0x61c (size before relaxing)
 .debug_str     0x0000000000000671       0x28 /data/f-of-e-tools/tools/sunflower/tools/tools-lib/riscv/libm.a(lib_a-s_sin.o)
                                        0x61c (size before relaxing)
 .debug_str     0x0000000000000699       0xb2 /data/f-of-e-tools/tools/sunflower/tools/tools-lib/riscv/libm.a(lib_a-e_rem_pio2.o)
                                        0x68c (size before relaxing)
 .debug_str     0x000000000000074b       0x2d /data/f-of-e-tools/tools/sunflower/tools/tools-lib/riscv/libm.a(lib_a-k_cos.o)
                                        0x601 (size before relaxing)
 .debug_str     0x0000000000000778       0x69 /data/f-of-e-tools/tools/sunflower/tools/tools-lib/riscv/libm.a(lib_a-k_rem_pio2.o)
                                        0x61a (size before relaxing)
 .debug_str     0x00000000000007e1       0x28 /data/f-of-e-tools/tools/sunflower/tools/tools-lib/riscv/libm.a(lib_a-k_sin.o)
                                        0x601 (size before relaxing)
 .debug_str     0x0000000000000809       0x29 /data/f-of-e-tools/tools/sunflower/tools/tools-lib/riscv/libm.a(lib_a-s_fabs.o)
                                        0x5f5 (size before relaxing)
 .debug_str     0x0000000000000832       0x34 /data/f-of-e-tools/tools/sunflower/tools/tools-lib/riscv/libm.a(lib_a-s_floor.o)
                                        0x601 (size before relaxing)
 .debug_str     0x0000000000000866       0xaf /data/f-of-e-tools/tools/sunflower/tools/tools-lib/riscv/libm.a(lib_a-s_scalbn.o)
                                        0x627 (size before relaxing)
 .debug_str     0x0000000000000915       0x2f /data/f-of-e-tools/tools/sunflower/tools/tools-lib/riscv/libm.a(lib_a-s_copysign.o)
                                        0x5fc (size before relaxing)
 .debug_str     0x0000000000000944      0x2be /data/f-of-e-tools/tools/sunflower/tools/tools-lib/riscv/libgcc.a(_muldc3.o)
                                        0x74f (size before relaxing)
 .debug_str     0x0000000000000c02      0x17d /data/f-of-e-tools/tools/sunflower/tools/tools-lib/riscv/libgcc.a(adddf3.o)
                                        0x2e7 (size before relaxing)
 .debug_str     0x0000000000000d7f       0x47 /data/f-of-e-tools/tools/sunflower/tools/tools-lib/riscv/libgcc.a(eqdf2.o)
                                        0x201 (size before relaxing)
 .debug_str     0x0000000000000dc6       0x4c /data/f-of-e-tools/tools/sunflower/tools/tools-lib/riscv/libgcc.a(gedf2.o)
                                        0x225 (size before relaxing)
 .debug_str     0x0000000000000e12      0x236 /data/f-of-e-tools/tools/sunflower/tools/tools-lib/riscv/libgcc.a(muldf3.o)
                                        0x40d (size before relaxing)
 .debug_str     0x0000000000001048       0x2a /data/f-of-e-tools/tools/sunflower/tools/tools-lib/riscv/libgcc.a(subdf3.o)
                                        0x2e7 (size before relaxing)
 .debug_str     0x0000000000001072       0x47 /data/f-of-e-tools/tools/sunflower/tools/tools-lib/riscv/libgcc.a(fixdfsi.o)
                                        0x1fe (size before relaxing)
 .debug_str     0x00000000000010b9       0x5d /data/f-of-e-tools/tools/sunflower/tools/tools-lib/riscv/libgcc.a(floatsidf.o)
                                        0x294 (size before relaxing)
 .debug_str     0x0000000000001116       0x34 /data/f-of-e-tools/tools/sunflower/tools/tools-lib/riscv/libgcc.a(muldi3.o)
                                         0x88 (size before relaxing)
 .debug_str     0x000000000000114a       0x23 /data/f-of-e-tools/tools/sunflower/tools/tools-lib/riscv/libgcc.a(div.o)
                                         0x85 (size before relaxing)
 .debug_str     0x000000000000116d        0xe /data/f-of-e-tools/tools/sunflower/tools/tools-lib/riscv/libgcc.a(_clzsi2.o)
                                        0x734 (size before relaxing)
 .debug_str     0x000000000000117b      0x717 /data/f-of-e-tools/tools/sunflower/tools/tools-lib/riscv/libgcc.a(_clz.o)
