Archive member included to satisfy reference by file (symbol)

/home/andrew/Applications/sunflower/tools/tools-lib/riscv/libc.a(lib_a-exit.o)
                              init-sf.o (exit)
/home/andrew/Applications/sunflower/tools/tools-lib/riscv/libc.a(lib_a-impure.o)
                              /home/andrew/Applications/sunflower/tools/tools-lib/riscv/libc.a(lib_a-exit.o) (_global_impure_ptr)
/home/andrew/Applications/sunflower/tools/tools-lib/riscv/libc.a(lib_a-__call_atexit.o)
                              /home/andrew/Applications/sunflower/tools/tools-lib/riscv/libc.a(lib_a-exit.o) (__call_exitprocs)
/home/andrew/Applications/sunflower/tools/tools-lib/riscv/libgloss.a(syscalls.o)
                              /home/andrew/Applications/sunflower/tools/tools-lib/riscv/libc.a(lib_a-exit.o) (_exit)

Memory Configuration

Name             Origin             Length             Attributes
*default*        0x0000000000000000 0xffffffffffffffff

Linker script and memory map

Address of section .text set to 0x8004000
LOAD init-sf.o
LOAD bsort.o
LOAD /home/andrew/Applications/sunflower/tools/tools-lib/riscv/libc.a
LOAD /home/andrew/Applications/sunflower/tools/tools-lib/riscv/libgcc.a
LOAD /home/andrew/Applications/sunflower/tools/tools-lib/riscv/libgloss.a
                [!provide]                        PROVIDE (__executable_start, SEGMENT_START ("text-segment", 0x10000))
                0x0000000000010074                . = (SEGMENT_START ("text-segment", 0x10000) + SIZEOF_HEADERS)

.interp
 *(.interp)

.note.gnu.build-id
 *(.note.gnu.build-id)

.hash
 *(.hash)

.gnu.hash
 *(.gnu.hash)

.dynsym
 *(.dynsym)

.dynstr
 *(.dynstr)

.gnu.version
 *(.gnu.version)

.gnu.version_d
 *(.gnu.version_d)

.gnu.version_r
 *(.gnu.version_r)

.rela.dyn       0x0000000000010074        0x0
 *(.rela.init)
 *(.rela.text .rela.text.* .rela.gnu.linkonce.t.*)
 .rela.text     0x0000000000010074        0x0 init-sf.o
 *(.rela.fini)
 *(.rela.rodata .rela.rodata.* .rela.gnu.linkonce.r.*)
 *(.rela.data .rela.data.* .rela.gnu.linkonce.d.*)
 *(.rela.tdata .rela.tdata.* .rela.gnu.linkonce.td.*)
 *(.rela.tbss .rela.tbss.* .rela.gnu.linkonce.tb.*)
 *(.rela.ctors)
 *(.rela.dtors)
 *(.rela.got)
 *(.rela.sdata .rela.sdata.* .rela.gnu.linkonce.s.*)
 *(.rela.sbss .rela.sbss.* .rela.gnu.linkonce.sb.*)
 *(.rela.sdata2 .rela.sdata2.* .rela.gnu.linkonce.s2.*)
 *(.rela.sbss2 .rela.sbss2.* .rela.gnu.linkonce.sb2.*)
 *(.rela.bss .rela.bss.* .rela.gnu.linkonce.b.*)
                [!provide]                        PROVIDE (__rela_iplt_start, .)
 *(.rela.iplt)
                [!provide]                        PROVIDE (__rela_iplt_end, .)

.rela.plt
 *(.rela.plt)

.init
 *(SORT(.init))

.plt
 *(.plt)

.iplt
 *(.iplt)

.text           0x0000000008004000      0xa40
 *(.text.unlikely .text.*_unlikely .text.unlikely.*)
 *(.text.exit .text.exit.*)
 *(.text.startup .text.startup.*)
 .text.startup  0x0000000008004000       0x4c bsort.o
                0x0000000008004000                main
 *(.text.hot .text.hot.*)
 *(.text .stub .text.* .gnu.linkonce.t.*)
 *fill*         0x000000000800404c        0x4 
 .text          0x0000000008004050       0x1c init-sf.o
                0x0000000008004050                _start
                0x0000000008004060                __errno
 .text          0x000000000800406c        0x0 bsort.o
 .text          0x000000000800406c       0x34 /home/andrew/Applications/sunflower/tools/tools-lib/riscv/libc.a(lib_a-exit.o)
                0x000000000800406c                exit
 .text          0x00000000080040a0        0x0 /home/andrew/Applications/sunflower/tools/tools-lib/riscv/libc.a(lib_a-impure.o)
 .text          0x00000000080040a0      0x11c /home/andrew/Applications/sunflower/tools/tools-lib/riscv/libc.a(lib_a-__call_atexit.o)
                0x00000000080040a0                __call_exitprocs
 .text          0x00000000080041bc      0x884 /home/andrew/Applications/sunflower/tools/tools-lib/riscv/libgloss.a(syscalls.o)
                0x0000000008004260                __syscall_error
                0x0000000008004290                _open
                0x00000000080042d8                _openat
                0x000000000800431c                _lseek
                0x0000000008004364                _read
                0x00000000080043ac                _write
                0x00000000080043f4                _fstat
                0x000000000800445c                _stat
                0x00000000080044c4                _lstat
                0x000000000800452c                _fstatat
                0x000000000800458c                _access
                0x00000000080045d8                _faccessat
                0x000000000800461c                _close
                0x000000000800466c                _link
                0x00000000080046b8                _unlink
                0x0000000008004708                _execve
                0x000000000800472c                _fork
                0x0000000008004750                _getpid
                0x0000000008004758                _kill
                0x000000000800477c                _wait
                0x00000000080047a0                _isatty
                0x00000000080047d0                _gettimeofday
                0x0000000008004820                _times
                0x00000000080048c4                _ftime
                0x00000000080048e0                _utime
                0x00000000080048e8                _chown
                0x00000000080048f0                _chmod
                0x00000000080048f8                _chdir
                0x0000000008004900                _getcwd
                0x0000000008004908                _sysconf
                0x0000000008004924                _sbrk
                0x0000000008004a04                _exit
 *(.gnu.warning)

.fini
 *(SORT(.fini))
                [!provide]                        PROVIDE (__etext, .)
                [!provide]                        PROVIDE (_etext, .)
                [!provide]                        PROVIDE (etext, .)

.rodata
 *(.rodata .rodata.* .gnu.linkonce.r.*)

.rodata1
 *(.rodata1)

.sdata2
 *(.sdata2 .sdata2.* .gnu.linkonce.s2.*)

.sbss2
 *(.sbss2 .sbss2.* .gnu.linkonce.sb2.*)

.eh_frame_hdr
 *(.eh_frame_hdr)
 *(.eh_frame_entry .eh_frame_entry.*)

.eh_frame
 *(.eh_frame)
 *(.eh_frame.*)

.gcc_except_table
 *(.gcc_except_table .gcc_except_table.*)

.gnu_extab
 *(.gnu_extab*)

.exception_ranges
 *(.exception_ranges .exception_ranges*)
                0x0000000008005a40                . = DATA_SEGMENT_ALIGN (CONSTANT (MAXPAGESIZE), CONSTANT (COMMONPAGESIZE))

.eh_frame
 *(.eh_frame)
 *(.eh_frame.*)

.gnu_extab
 *(.gnu_extab)

.gcc_except_table
 *(.gcc_except_table .gcc_except_table.*)

.exception_ranges
 *(.exception_ranges .exception_ranges*)

.tdata
 *(.tdata .tdata.* .gnu.linkonce.td.*)

.tbss
 *(.tbss .tbss.* .gnu.linkonce.tb.*)
 *(.tcommon)

.preinit_array  0x0000000008005a40        0x0
                [!provide]                        PROVIDE (__preinit_array_start, .)
 *(.preinit_array)
                [!provide]                        PROVIDE (__preinit_array_end, .)

.init_array     0x0000000008005a40        0x0
                [!provide]                        PROVIDE (__init_array_start, .)
 *(SORT(.init_array.*) SORT(.ctors.*))
 *(.init_array EXCLUDE_FILE(*crtend?.o *crtend.o *crtbegin?.o *crtbegin.o) .ctors)
                [!provide]                        PROVIDE (__init_array_end, .)

.fini_array     0x0000000008005a40        0x0
                [!provide]                        PROVIDE (__fini_array_start, .)
 *(SORT(.fini_array.*) SORT(.dtors.*))
 *(.fini_array EXCLUDE_FILE(*crtend?.o *crtend.o *crtbegin?.o *crtbegin.o) .dtors)
                [!provide]                        PROVIDE (__fini_array_end, .)

.ctors
 *crtbegin.o(.ctors)
 *crtbegin?.o(.ctors)
 *(EXCLUDE_FILE(*crtend?.o *crtend.o) .ctors)
 *(SORT(.ctors.*))
 *(.ctors)

.dtors
 *crtbegin.o(.dtors)
 *crtbegin?.o(.dtors)
 *(EXCLUDE_FILE(*crtend?.o *crtend.o) .dtors)
 *(SORT(.dtors.*))
 *(.dtors)

.jcr
 *(.jcr)

.data.rel.ro
 *(.data.rel.ro.local* .gnu.linkonce.d.rel.ro.local.*)
 *(.data.rel.ro .data.rel.ro.* .gnu.linkonce.d.rel.ro.*)

.dynamic
 *(.dynamic)
                0x0000000008005a40                . = DATA_SEGMENT_RELRO_END (., 0x0)

.data           0x0000000008005a40      0x468
 *(.data .data.* .gnu.linkonce.d.*)
 .data          0x0000000008005a40        0x0 init-sf.o
 .data          0x0000000008005a40       0x3b bsort.o
                0x0000000008005a40                bsort_input
 .data          0x0000000008005a7b        0x0 /home/andrew/Applications/sunflower/tools/tools-lib/riscv/libc.a(lib_a-exit.o)
 *fill*         0x0000000008005a7b        0x5 
 .data          0x0000000008005a80      0x428 /home/andrew/Applications/sunflower/tools/tools-lib/riscv/libc.a(lib_a-impure.o)
 .data          0x0000000008005ea8        0x0 /home/andrew/Applications/sunflower/tools/tools-lib/riscv/libc.a(lib_a-__call_atexit.o)
 .data          0x0000000008005ea8        0x0 /home/andrew/Applications/sunflower/tools/tools-lib/riscv/libgloss.a(syscalls.o)

.data1
 *(.data1)

.got
 *(.got.plt)
 *(.igot.plt)
 *(.got)
 *(.igot)

.sdata          0x0000000008005ea8        0xc
                0x00000000080066a8                __global_pointer$ = (. + 0x800)
 *(.srodata.cst16)
 *(.srodata.cst8)
 *(.srodata.cst4)
 *(.srodata.cst2)
 *(.srodata .srodata.*)
 .srodata       0x0000000008005ea8        0x4 bsort.o
                0x0000000008005ea8                bsort_input_len
 .srodata       0x0000000008005eac        0x4 /home/andrew/Applications/sunflower/tools/tools-lib/riscv/libc.a(lib_a-impure.o)
                0x0000000008005eac                _global_impure_ptr
 *(.sdata .sdata.* .gnu.linkonce.s.*)
 .sdata         0x0000000008005eb0        0x4 /home/andrew/Applications/sunflower/tools/tools-lib/riscv/libc.a(lib_a-impure.o)
                0x0000000008005eb0                _impure_ptr
                0x0000000008005eb4                _edata = .
                [!provide]                        PROVIDE (edata, .)
                0x0000000008005eb4                . = .
                0x0000000008005eb4                __bss_start = .

.sbss           0x0000000008005eb4        0x4
 *(.dynsbss)
 *(.sbss .sbss.* .gnu.linkonce.sb.*)
 .sbss          0x0000000008005eb4        0x4 /home/andrew/Applications/sunflower/tools/tools-lib/riscv/libgloss.a(syscalls.o)
 *(.scommon)

.bss            0x0000000008005eb8       0x10
 *(.dynbss)
 *(.bss .bss.* .gnu.linkonce.b.*)
 .bss           0x0000000008005eb8        0x0 init-sf.o
 .bss           0x0000000008005eb8        0x0 bsort.o
 .bss           0x0000000008005eb8        0x0 /home/andrew/Applications/sunflower/tools/tools-lib/riscv/libc.a(lib_a-exit.o)
 .bss           0x0000000008005eb8        0x0 /home/andrew/Applications/sunflower/tools/tools-lib/riscv/libc.a(lib_a-impure.o)
 .bss           0x0000000008005eb8        0x0 /home/andrew/Applications/sunflower/tools/tools-lib/riscv/libc.a(lib_a-__call_atexit.o)
 .bss           0x0000000008005eb8       0x10 /home/andrew/Applications/sunflower/tools/tools-lib/riscv/libgloss.a(syscalls.o)
 *(COMMON)
                0x0000000008005ec8                . = ALIGN ((. != 0x0)?0x4:0x1)
                0x0000000008005ec8                . = ALIGN (0x4)
                0x0000000008005ec8                . = SEGMENT_START ("ldata-segment", .)
                0x0000000008005ec8                . = ALIGN (0x4)
                0x0000000008005ec8                _end = .
                [!provide]                        PROVIDE (end, .)
                0x0000000008005ec8                . = DATA_SEGMENT_END (.)

.stab
 *(.stab)

.stabstr
 *(.stabstr)

.stab.excl
 *(.stab.excl)

.stab.exclstr
 *(.stab.exclstr)

.stab.index
 *(.stab.index)

.stab.indexstr
 *(.stab.indexstr)

.comment        0x0000000000000000       0x11
 *(.comment)
 .comment       0x0000000000000000       0x11 bsort.o
                                         0x12 (size before relaxing)
 .comment       0x0000000000000011       0x12 /home/andrew/Applications/sunflower/tools/tools-lib/riscv/libc.a(lib_a-exit.o)
 .comment       0x0000000000000011       0x12 /home/andrew/Applications/sunflower/tools/tools-lib/riscv/libc.a(lib_a-impure.o)
 .comment       0x0000000000000011       0x12 /home/andrew/Applications/sunflower/tools/tools-lib/riscv/libc.a(lib_a-__call_atexit.o)
 .comment       0x0000000000000011       0x12 /home/andrew/Applications/sunflower/tools/tools-lib/riscv/libgloss.a(syscalls.o)

.debug
 *(.debug)

.line
 *(.line)

.debug_srcinfo
 *(.debug_srcinfo)

.debug_sfnames
 *(.debug_sfnames)

.debug_aranges  0x0000000000000000       0x78
 *(.debug_aranges)
 .debug_aranges
                0x0000000000000000       0x20 /home/andrew/Applications/sunflower/tools/tools-lib/riscv/libc.a(lib_a-exit.o)
 .debug_aranges
                0x0000000000000020       0x18 /home/andrew/Applications/sunflower/tools/tools-lib/riscv/libc.a(lib_a-impure.o)
 .debug_aranges
                0x0000000000000038       0x20 /home/andrew/Applications/sunflower/tools/tools-lib/riscv/libc.a(lib_a-__call_atexit.o)
 .debug_aranges
                0x0000000000000058       0x20 /home/andrew/Applications/sunflower/tools/tools-lib/riscv/libgloss.a(syscalls.o)

.debug_pubnames
 *(.debug_pubnames)

.debug_info     0x0000000000000000     0x3ebf
 *(.debug_info .gnu.linkonce.wi.*)
 .debug_info    0x0000000000000000      0x9d8 /home/andrew/Applications/sunflower/tools/tools-lib/riscv/libc.a(lib_a-exit.o)
 .debug_info    0x00000000000009d8      0x936 /home/andrew/Applications/sunflower/tools/tools-lib/riscv/libc.a(lib_a-impure.o)
 .debug_info    0x000000000000130e      0x9f3 /home/andrew/Applications/sunflower/tools/tools-lib/riscv/libc.a(lib_a-__call_atexit.o)
 .debug_info    0x0000000000001d01     0x21be /home/andrew/Applications/sunflower/tools/tools-lib/riscv/libgloss.a(syscalls.o)

.debug_abbrev   0x0000000000000000      0xa88
 *(.debug_abbrev)
 .debug_abbrev  0x0000000000000000      0x21c /home/andrew/Applications/sunflower/tools/tools-lib/riscv/libc.a(lib_a-exit.o)
 .debug_abbrev  0x000000000000021c      0x1b8 /home/andrew/Applications/sunflower/tools/tools-lib/riscv/libc.a(lib_a-impure.o)
 .debug_abbrev  0x00000000000003d4      0x24f /home/andrew/Applications/sunflower/tools/tools-lib/riscv/libc.a(lib_a-__call_atexit.o)
 .debug_abbrev  0x0000000000000623      0x465 /home/andrew/Applications/sunflower/tools/tools-lib/riscv/libgloss.a(syscalls.o)

.debug_line     0x0000000000000000     0x1f2c
 *(.debug_line .debug_line.* .debug_line_end)
 .debug_line    0x0000000000000000      0x230 /home/andrew/Applications/sunflower/tools/tools-lib/riscv/libc.a(lib_a-exit.o)
 .debug_line    0x0000000000000230      0x13c /home/andrew/Applications/sunflower/tools/tools-lib/riscv/libc.a(lib_a-impure.o)
 .debug_line    0x000000000000036c      0x3ae /home/andrew/Applications/sunflower/tools/tools-lib/riscv/libc.a(lib_a-__call_atexit.o)
 .debug_line    0x000000000000071a     0x1812 /home/andrew/Applications/sunflower/tools/tools-lib/riscv/libgloss.a(syscalls.o)

.debug_frame    0x0000000000000000      0x73c
 *(.debug_frame)
 .debug_frame   0x0000000000000000       0x30 /home/andrew/Applications/sunflower/tools/tools-lib/riscv/libc.a(lib_a-exit.o)
 .debug_frame   0x0000000000000030       0x90 /home/andrew/Applications/sunflower/tools/tools-lib/riscv/libc.a(lib_a-__call_atexit.o)
 .debug_frame   0x00000000000000c0      0x67c /home/andrew/Applications/sunflower/tools/tools-lib/riscv/libgloss.a(syscalls.o)

.debug_str      0x0000000000000000      0xa49
 *(.debug_str)
 .debug_str     0x0000000000000000      0x52c /home/andrew/Applications/sunflower/tools/tools-lib/riscv/libc.a(lib_a-exit.o)
                                        0x5a6 (size before relaxing)
 .debug_str     0x000000000000052c       0xa2 /home/andrew/Applications/sunflower/tools/tools-lib/riscv/libc.a(lib_a-impure.o)
                                        0x55a (size before relaxing)
 .debug_str     0x00000000000005ce       0x59 /home/andrew/Applications/sunflower/tools/tools-lib/riscv/libc.a(lib_a-__call_atexit.o)
                                        0x5a3 (size before relaxing)
 .debug_str     0x0000000000000627      0x422 /home/andrew/Applications/sunflower/tools/tools-lib/riscv/libgloss.a(syscalls.o)
                                        0x97a (size before relaxing)

.debug_loc      0x0000000000000000     0x1916
 *(.debug_loc)
 .debug_loc     0x0000000000000000       0x1e /home/andrew/Applications/sunflower/tools/tools-lib/riscv/libc.a(lib_a-exit.o)
 .debug_loc     0x000000000000001e      0x16e /home/andrew/Applications/sunflower/tools/tools-lib/riscv/libc.a(lib_a-__call_atexit.o)
 .debug_loc     0x000000000000018c     0x178a /home/andrew/Applications/sunflower/tools/tools-lib/riscv/libgloss.a(syscalls.o)

.debug_macinfo
 *(.debug_macinfo)

.debug_weaknames
 *(.debug_weaknames)

.debug_funcnames
 *(.debug_funcnames)

.debug_typenames
 *(.debug_typenames)

.debug_varnames
 *(.debug_varnames)

.debug_pubtypes
 *(.debug_pubtypes)

.debug_ranges   0x0000000000000000      0x278
 *(.debug_ranges)
 .debug_ranges  0x0000000000000000       0x20 /home/andrew/Applications/sunflower/tools/tools-lib/riscv/libc.a(lib_a-__call_atexit.o)
 .debug_ranges  0x0000000000000020      0x258 /home/andrew/Applications/sunflower/tools/tools-lib/riscv/libgloss.a(syscalls.o)

.debug_macro
 *(.debug_macro)

.debug_addr
 *(.debug_addr)

.gnu.attributes
 *(.gnu.attributes)

/DISCARD/
 *(.note.GNU-stack)
 *(.gnu_debuglink)
 *(.gnu.lto_*)
OUTPUT(bsort-sf elf32-littleriscv)
