Archive member included to satisfy reference by file (symbol)

/data/f-of-e-tools/tools/sunflower/tools/tools-lib/riscv/libc.a(lib_a-exit.o)
                              init-sf.o (exit)
/data/f-of-e-tools/tools/sunflower/tools/tools-lib/riscv/libc.a(lib_a-impure.o)
                              /data/f-of-e-tools/tools/sunflower/tools/tools-lib/riscv/libc.a(lib_a-exit.o) (_global_impure_ptr)
/data/f-of-e-tools/tools/sunflower/tools/tools-lib/riscv/libc.a(lib_a-__call_atexit.o)
                              /data/f-of-e-tools/tools/sunflower/tools/tools-lib/riscv/libc.a(lib_a-exit.o) (__call_exitprocs)
/data/f-of-e-tools/tools/sunflower/tools/tools-lib/riscv/libgcc.a(addsf3.o)
                              autocorrelation.o (__addsf3)
/data/f-of-e-tools/tools/sunflower/tools/tools-lib/riscv/libgcc.a(divsf3.o)
                              autocorrelation.o (__divsf3)
/data/f-of-e-tools/tools/sunflower/tools/tools-lib/riscv/libgcc.a(mulsf3.o)
                              autocorrelation.o (__mulsf3)
/data/f-of-e-tools/tools/sunflower/tools/tools-lib/riscv/libgcc.a(floatsisf.o)
                              autocorrelation.o (__floatsisf)
/data/f-of-e-tools/tools/sunflower/tools/tools-lib/riscv/libgcc.a(muldi3.o)
                              /data/f-of-e-tools/tools/sunflower/tools/tools-lib/riscv/libgcc.a(divsf3.o) (__mulsi3)
/data/f-of-e-tools/tools/sunflower/tools/tools-lib/riscv/libgcc.a(div.o)
                              /data/f-of-e-tools/tools/sunflower/tools/tools-lib/riscv/libgcc.a(divsf3.o) (__divsi3)
/data/f-of-e-tools/tools/sunflower/tools/tools-lib/riscv/libgcc.a(_clzsi2.o)
                              /data/f-of-e-tools/tools/sunflower/tools/tools-lib/riscv/libgcc.a(addsf3.o) (__clzsi2)
/data/f-of-e-tools/tools/sunflower/tools/tools-lib/riscv/libgcc.a(_clz.o)
                              /data/f-of-e-tools/tools/sunflower/tools/tools-lib/riscv/libgcc.a(_clzsi2.o) (__clz_tab)
/data/f-of-e-tools/tools/sunflower/tools/tools-lib/riscv/libgloss.a(syscalls.o)
                              /data/f-of-e-tools/tools/sunflower/tools/tools-lib/riscv/libc.a(lib_a-exit.o) (_exit)

Memory Configuration

Name             Origin             Length             Attributes
*default*        0x0000000000000000 0xffffffffffffffff

Linker script and memory map

Address of section .text set to 0x8004000
LOAD init-sf.o
LOAD autocorrelation.o
LOAD /data/f-of-e-tools/tools/sunflower/tools/tools-lib/riscv/libprintf.a
LOAD /data/f-of-e-tools/tools/sunflower/tools/tools-lib/riscv/libc.a
LOAD /data/f-of-e-tools/tools/sunflower/tools/tools-lib/riscv/libgcc.a
LOAD /data/f-of-e-tools/tools/sunflower/tools/tools-lib/riscv/libgloss.a
                [!provide]                        PROVIDE (__executable_start, SEGMENT_START ("text-segment", 0x10000))
                0x0000000000010074                . = (SEGMENT_START ("text-segment", 0x10000) + SIZEOF_HEADERS)

.interp
 *(.interp)

.note.gnu.build-id
 *(.note.gnu.build-id)

.hash
 *(.hash)

.gnu.hash
 *(.gnu.hash)

.dynsym
 *(.dynsym)

.dynstr
 *(.dynstr)

.gnu.version
 *(.gnu.version)

.gnu.version_d
 *(.gnu.version_d)

.gnu.version_r
 *(.gnu.version_r)

.rela.dyn       0x0000000000010074        0x0
 *(.rela.init)
 *(.rela.text .rela.text.* .rela.gnu.linkonce.t.*)
 .rela.text     0x0000000000010074        0x0 init-sf.o
 *(.rela.fini)
 *(.rela.rodata .rela.rodata.* .rela.gnu.linkonce.r.*)
 *(.rela.data .rela.data.* .rela.gnu.linkonce.d.*)
 *(.rela.tdata .rela.tdata.* .rela.gnu.linkonce.td.*)
 *(.rela.tbss .rela.tbss.* .rela.gnu.linkonce.tb.*)
 *(.rela.ctors)
 *(.rela.dtors)
 *(.rela.got)
 *(.rela.sdata .rela.sdata.* .rela.gnu.linkonce.s.*)
 *(.rela.sbss .rela.sbss.* .rela.gnu.linkonce.sb.*)
 *(.rela.sdata2 .rela.sdata2.* .rela.gnu.linkonce.s2.*)
 *(.rela.sbss2 .rela.sbss2.* .rela.gnu.linkonce.sb2.*)
 *(.rela.bss .rela.bss.* .rela.gnu.linkonce.b.*)
                [!provide]                        PROVIDE (__rela_iplt_start, .)
 *(.rela.iplt)
                [!provide]                        PROVIDE (__rela_iplt_end, .)

.rela.plt
 *(.rela.plt)

.init
 *(SORT(.init))

.plt
 *(.plt)

.iplt
 *(.iplt)

.text           0x0000000008004000     0x1a4c
 *(.text.unlikely .text.*_unlikely .text.unlikely.*)
 *(.text.exit .text.exit.*)
 *(.text.startup .text.startup.*)
 *(.text.hot .text.hot.*)
 *(.text .stub .text.* .gnu.linkonce.t.*)
 .text          0x0000000008004000       0x1c init-sf.o
                0x0000000008004000                _start
                0x0000000008004010                __errno
 .text          0x000000000800401c      0x114 autocorrelation.o
                0x000000000800401c                main
 .text          0x0000000008004130       0x34 /data/f-of-e-tools/tools/sunflower/tools/tools-lib/riscv/libc.a(lib_a-exit.o)
                0x0000000008004130                exit
 .text          0x0000000008004164        0x0 /data/f-of-e-tools/tools/sunflower/tools/tools-lib/riscv/libc.a(lib_a-impure.o)
 .text          0x0000000008004164      0x11c /data/f-of-e-tools/tools/sunflower/tools/tools-lib/riscv/libc.a(lib_a-__call_atexit.o)
                0x0000000008004164                __call_exitprocs
 .text          0x0000000008004280      0x498 /data/f-of-e-tools/tools/sunflower/tools/tools-lib/riscv/libgcc.a(addsf3.o)
                0x0000000008004280                __addsf3
 .text          0x0000000008004718      0x424 /data/f-of-e-tools/tools/sunflower/tools/tools-lib/riscv/libgcc.a(divsf3.o)
                0x0000000008004718                __divsf3
 .text          0x0000000008004b3c      0x3c8 /data/f-of-e-tools/tools/sunflower/tools/tools-lib/riscv/libgcc.a(mulsf3.o)
                0x0000000008004b3c                __mulsf3
 .text          0x0000000008004f04      0x158 /data/f-of-e-tools/tools/sunflower/tools/tools-lib/riscv/libgcc.a(floatsisf.o)
                0x0000000008004f04                __floatsisf
 .text          0x000000000800505c       0x24 /data/f-of-e-tools/tools/sunflower/tools/tools-lib/riscv/libgcc.a(muldi3.o)
                0x000000000800505c                __mulsi3
 .text          0x0000000008005080       0xb4 /data/f-of-e-tools/tools/sunflower/tools/tools-lib/riscv/libgcc.a(div.o)
                0x0000000008005080                __divsi3
                0x0000000008005088                __udivsi3
                0x00000000080050d0                __umodsi3
                0x0000000008005104                __modsi3
 .text          0x0000000008005134       0x94 /data/f-of-e-tools/tools/sunflower/tools/tools-lib/riscv/libgcc.a(_clzsi2.o)
                0x0000000008005134                __clzsi2
 .text          0x00000000080051c8        0x0 /data/f-of-e-tools/tools/sunflower/tools/tools-lib/riscv/libgcc.a(_clz.o)
 .text          0x00000000080051c8      0x884 /data/f-of-e-tools/tools/sunflower/tools/tools-lib/riscv/libgloss.a(syscalls.o)
                0x000000000800526c                __syscall_error
                0x000000000800529c                _open
                0x00000000080052e4                _openat
                0x0000000008005328                _lseek
                0x0000000008005370                _read
                0x00000000080053b8                _write
                0x0000000008005400                _fstat
                0x0000000008005468                _stat
                0x00000000080054d0                _lstat
                0x0000000008005538                _fstatat
                0x0000000008005598                _access
                0x00000000080055e4                _faccessat
                0x0000000008005628                _close
                0x0000000008005678                _link
                0x00000000080056c4                _unlink
                0x0000000008005714                _execve
                0x0000000008005738                _fork
                0x000000000800575c                _getpid
                0x0000000008005764                _kill
                0x0000000008005788                _wait
                0x00000000080057ac                _isatty
                0x00000000080057dc                _gettimeofday
                0x000000000800582c                _times
                0x00000000080058d0                _ftime
                0x00000000080058ec                _utime
                0x00000000080058f4                _chown
                0x00000000080058fc                _chmod
                0x0000000008005904                _chdir
                0x000000000800590c                _getcwd
                0x0000000008005914                _sysconf
                0x0000000008005930                _sbrk
                0x0000000008005a10                _exit
 *(.gnu.warning)

.fini
 *(SORT(.fini))
                [!provide]                        PROVIDE (__etext, .)
                [!provide]                        PROVIDE (_etext, .)
                [!provide]                        PROVIDE (etext, .)

.rodata         0x0000000008005a4c      0x1c0
 *(.rodata .rodata.* .gnu.linkonce.r.*)
 .rodata        0x0000000008005a4c       0x80 /data/f-of-e-tools/tools/sunflower/tools/tools-lib/riscv/libgcc.a(divsf3.o)
 .rodata        0x0000000008005acc       0x40 /data/f-of-e-tools/tools/sunflower/tools/tools-lib/riscv/libgcc.a(mulsf3.o)
 .rodata        0x0000000008005b0c      0x100 /data/f-of-e-tools/tools/sunflower/tools/tools-lib/riscv/libgcc.a(_clz.o)
                0x0000000008005b0c                __clz_tab

.rodata1
 *(.rodata1)

.sdata2
 *(.sdata2 .sdata2.* .gnu.linkonce.s2.*)

.sbss2
 *(.sbss2 .sbss2.* .gnu.linkonce.sb2.*)

.eh_frame_hdr
 *(.eh_frame_hdr)
 *(.eh_frame_entry .eh_frame_entry.*)

.eh_frame
 *(.eh_frame)
 *(.eh_frame.*)

.gcc_except_table
 *(.gcc_except_table .gcc_except_table.*)

.gnu_extab
 *(.gnu_extab*)

.exception_ranges
 *(.exception_ranges .exception_ranges*)
                0x0000000008006000                . = DATA_SEGMENT_ALIGN (CONSTANT (MAXPAGESIZE), CONSTANT (COMMONPAGESIZE))

.eh_frame
 *(.eh_frame)
 *(.eh_frame.*)

.gnu_extab
 *(.gnu_extab)

.gcc_except_table
 *(.gcc_except_table .gcc_except_table.*)

.exception_ranges
 *(.exception_ranges .exception_ranges*)

.tdata
 *(.tdata .tdata.* .gnu.linkonce.td.*)

.tbss
 *(.tbss .tbss.* .gnu.linkonce.tb.*)
 *(.tcommon)

.preinit_array  0x0000000008006000        0x0
                [!provide]                        PROVIDE (__preinit_array_start, .)
 *(.preinit_array)
                [!provide]                        PROVIDE (__preinit_array_end, .)

.init_array     0x0000000008006000        0x0
                [!provide]                        PROVIDE (__init_array_start, .)
 *(SORT(.init_array.*) SORT(.ctors.*))
 *(.init_array EXCLUDE_FILE(*crtend?.o *crtend.o *crtbegin?.o *crtbegin.o) .ctors)
                [!provide]                        PROVIDE (__init_array_end, .)

.fini_array     0x0000000008006000        0x0
                [!provide]                        PROVIDE (__fini_array_start, .)
 *(SORT(.fini_array.*) SORT(.dtors.*))
 *(.fini_array EXCLUDE_FILE(*crtend?.o *crtend.o *crtbegin?.o *crtbegin.o) .dtors)
                [!provide]                        PROVIDE (__fini_array_end, .)

.ctors
 *crtbegin.o(.ctors)
 *crtbegin?.o(.ctors)
 *(EXCLUDE_FILE(*crtend?.o *crtend.o) .ctors)
 *(SORT(.ctors.*))
 *(.ctors)

.dtors
 *crtbegin.o(.dtors)
 *crtbegin?.o(.dtors)
 *(EXCLUDE_FILE(*crtend?.o *crtend.o) .dtors)
 *(SORT(.dtors.*))
 *(.dtors)

.jcr
 *(.jcr)

.data.rel.ro
 *(.data.rel.ro.local* .gnu.linkonce.d.rel.ro.local.*)
 *(.data.rel.ro .data.rel.ro.* .gnu.linkonce.d.rel.ro.*)

.dynamic
 *(.dynamic)
                0x0000000008006000                . = DATA_SEGMENT_RELRO_END (., 0x0)

.data           0x0000000008006000      0x4f0
 *(.data .data.* .gnu.linkonce.d.*)
 .data          0x0000000008006000        0x0 init-sf.o
 .data          0x0000000008006000       0xc8 autocorrelation.o
                0x0000000008006000                data
 .data          0x00000000080060c8        0x0 /data/f-of-e-tools/tools/sunflower/tools/tools-lib/riscv/libc.a(lib_a-exit.o)
 .data          0x00000000080060c8      0x428 /data/f-of-e-tools/tools/sunflower/tools/tools-lib/riscv/libc.a(lib_a-impure.o)
 .data          0x00000000080064f0        0x0 /data/f-of-e-tools/tools/sunflower/tools/tools-lib/riscv/libc.a(lib_a-__call_atexit.o)
 .data          0x00000000080064f0        0x0 /data/f-of-e-tools/tools/sunflower/tools/tools-lib/riscv/libgcc.a(addsf3.o)
 .data          0x00000000080064f0        0x0 /data/f-of-e-tools/tools/sunflower/tools/tools-lib/riscv/libgcc.a(divsf3.o)
 .data          0x00000000080064f0        0x0 /data/f-of-e-tools/tools/sunflower/tools/tools-lib/riscv/libgcc.a(mulsf3.o)
 .data          0x00000000080064f0        0x0 /data/f-of-e-tools/tools/sunflower/tools/tools-lib/riscv/libgcc.a(floatsisf.o)
 .data          0x00000000080064f0        0x0 /data/f-of-e-tools/tools/sunflower/tools/tools-lib/riscv/libgcc.a(muldi3.o)
 .data          0x00000000080064f0        0x0 /data/f-of-e-tools/tools/sunflower/tools/tools-lib/riscv/libgcc.a(div.o)
 .data          0x00000000080064f0        0x0 /data/f-of-e-tools/tools/sunflower/tools/tools-lib/riscv/libgcc.a(_clzsi2.o)
 .data          0x00000000080064f0        0x0 /data/f-of-e-tools/tools/sunflower/tools/tools-lib/riscv/libgcc.a(_clz.o)
 .data          0x00000000080064f0        0x0 /data/f-of-e-tools/tools/sunflower/tools/tools-lib/riscv/libgloss.a(syscalls.o)

.data1
 *(.data1)

.got
 *(.got.plt)
 *(.igot.plt)
 *(.got)
 *(.igot)

.sdata          0x00000000080064f0        0xc
                0x0000000008006cf0                __global_pointer$ = (. + 0x800)
 *(.srodata.cst16)
 *(.srodata.cst8)
 *(.srodata.cst4)
 *(.srodata.cst2)
 *(.srodata .srodata.*)
 .srodata       0x00000000080064f0        0x4 autocorrelation.o
                0x00000000080064f0                data_len
 .srodata       0x00000000080064f4        0x4 /data/f-of-e-tools/tools/sunflower/tools/tools-lib/riscv/libc.a(lib_a-impure.o)
                0x00000000080064f4                _global_impure_ptr
 *(.sdata .sdata.* .gnu.linkonce.s.*)
 .sdata         0x00000000080064f8        0x4 /data/f-of-e-tools/tools/sunflower/tools/tools-lib/riscv/libc.a(lib_a-impure.o)
                0x00000000080064f8                _impure_ptr
                0x00000000080064fc                _edata = .
                [!provide]                        PROVIDE (edata, .)
                0x00000000080064fc                . = .
                0x00000000080064fc                __bss_start = .

.sbss           0x00000000080064fc        0x4
 *(.dynsbss)
 *(.sbss .sbss.* .gnu.linkonce.sb.*)
 .sbss          0x00000000080064fc        0x4 /data/f-of-e-tools/tools/sunflower/tools/tools-lib/riscv/libgloss.a(syscalls.o)
 *(.scommon)

.bss            0x0000000008006500       0x10
 *(.dynbss)
 *(.bss .bss.* .gnu.linkonce.b.*)
 .bss           0x0000000008006500        0x0 init-sf.o
 .bss           0x0000000008006500        0x0 autocorrelation.o
 .bss           0x0000000008006500        0x0 /data/f-of-e-tools/tools/sunflower/tools/tools-lib/riscv/libc.a(lib_a-exit.o)
 .bss           0x0000000008006500        0x0 /data/f-of-e-tools/tools/sunflower/tools/tools-lib/riscv/libc.a(lib_a-impure.o)
 .bss           0x0000000008006500        0x0 /data/f-of-e-tools/tools/sunflower/tools/tools-lib/riscv/libc.a(lib_a-__call_atexit.o)
 .bss           0x0000000008006500        0x0 /data/f-of-e-tools/tools/sunflower/tools/tools-lib/riscv/libgcc.a(addsf3.o)
 .bss           0x0000000008006500        0x0 /data/f-of-e-tools/tools/sunflower/tools/tools-lib/riscv/libgcc.a(divsf3.o)
 .bss           0x0000000008006500        0x0 /data/f-of-e-tools/tools/sunflower/tools/tools-lib/riscv/libgcc.a(mulsf3.o)
 .bss           0x0000000008006500        0x0 /data/f-of-e-tools/tools/sunflower/tools/tools-lib/riscv/libgcc.a(floatsisf.o)
 .bss           0x0000000008006500        0x0 /data/f-of-e-tools/tools/sunflower/tools/tools-lib/riscv/libgcc.a(muldi3.o)
 .bss           0x0000000008006500        0x0 /data/f-of-e-tools/tools/sunflower/tools/tools-lib/riscv/libgcc.a(div.o)
 .bss           0x0000000008006500        0x0 /data/f-of-e-tools/tools/sunflower/tools/tools-lib/riscv/libgcc.a(_clzsi2.o)
 .bss           0x0000000008006500        0x0 /data/f-of-e-tools/tools/sunflower/tools/tools-lib/riscv/libgcc.a(_clz.o)
 .bss           0x0000000008006500       0x10 /data/f-of-e-tools/tools/sunflower/tools/tools-lib/riscv/libgloss.a(syscalls.o)
 *(COMMON)
                0x0000000008006510                . = ALIGN ((. != 0x0)?0x4:0x1)
                0x0000000008006510                . = ALIGN (0x4)
                0x0000000008006510                . = SEGMENT_START ("ldata-segment", .)
                0x0000000008006510                . = ALIGN (0x4)
                0x0000000008006510                _end = .
                [!provide]                        PROVIDE (end, .)
                0x0000000008006510                . = DATA_SEGMENT_END (.)

.stab
 *(.stab)

.stabstr
 *(.stabstr)

.stab.excl
 *(.stab.excl)

.stab.exclstr
 *(.stab.exclstr)

.stab.index
 *(.stab.index)

.stab.indexstr
 *(.stab.indexstr)

.comment        0x0000000000000000       0x11
 *(.comment)
 .comment       0x0000000000000000       0x11 autocorrelation.o
                                         0x12 (size before relaxing)
 .comment       0x0000000000000011       0x12 /data/f-of-e-tools/tools/sunflower/tools/tools-lib/riscv/libc.a(lib_a-exit.o)
 .comment       0x0000000000000011       0x12 /data/f-of-e-tools/tools/sunflower/tools/tools-lib/riscv/libc.a(lib_a-impure.o)
 .comment       0x0000000000000011       0x12 /data/f-of-e-tools/tools/sunflower/tools/tools-lib/riscv/libc.a(lib_a-__call_atexit.o)
 .comment       0x0000000000000011       0x12 /data/f-of-e-tools/tools/sunflower/tools/tools-lib/riscv/libgcc.a(addsf3.o)
 .comment       0x0000000000000011       0x12 /data/f-of-e-tools/tools/sunflower/tools/tools-lib/riscv/libgcc.a(divsf3.o)
 .comment       0x0000000000000011       0x12 /data/f-of-e-tools/tools/sunflower/tools/tools-lib/riscv/libgcc.a(mulsf3.o)
 .comment       0x0000000000000011       0x12 /data/f-of-e-tools/tools/sunflower/tools/tools-lib/riscv/libgcc.a(floatsisf.o)
 .comment       0x0000000000000011       0x12 /data/f-of-e-tools/tools/sunflower/tools/tools-lib/riscv/libgcc.a(_clzsi2.o)
 .comment       0x0000000000000011       0x12 /data/f-of-e-tools/tools/sunflower/tools/tools-lib/riscv/libgcc.a(_clz.o)
 .comment       0x0000000000000011       0x12 /data/f-of-e-tools/tools/sunflower/tools/tools-lib/riscv/libgloss.a(syscalls.o)

.debug
 *(.debug)

.line
 *(.line)

.debug_srcinfo
 *(.debug_srcinfo)

.debug_sfnames
 *(.debug_sfnames)

.debug_aranges  0x0000000000000000      0x170
 *(.debug_aranges)
 .debug_aranges
                0x0000000000000000       0x20 /data/f-of-e-tools/tools/sunflower/tools/tools-lib/riscv/libc.a(lib_a-exit.o)
 .debug_aranges
                0x0000000000000020       0x18 /data/f-of-e-tools/tools/sunflower/tools/tools-lib/riscv/libc.a(lib_a-impure.o)
 .debug_aranges
                0x0000000000000038       0x20 /data/f-of-e-tools/tools/sunflower/tools/tools-lib/riscv/libc.a(lib_a-__call_atexit.o)
 .debug_aranges
                0x0000000000000058       0x20 /data/f-of-e-tools/tools/sunflower/tools/tools-lib/riscv/libgcc.a(addsf3.o)
 .debug_aranges
                0x0000000000000078       0x20 /data/f-of-e-tools/tools/sunflower/tools/tools-lib/riscv/libgcc.a(divsf3.o)
 .debug_aranges
                0x0000000000000098       0x20 /data/f-of-e-tools/tools/sunflower/tools/tools-lib/riscv/libgcc.a(mulsf3.o)
 .debug_aranges
                0x00000000000000b8       0x20 /data/f-of-e-tools/tools/sunflower/tools/tools-lib/riscv/libgcc.a(floatsisf.o)
 .debug_aranges
                0x00000000000000d8       0x20 /data/f-of-e-tools/tools/sunflower/tools/tools-lib/riscv/libgcc.a(muldi3.o)
 .debug_aranges
                0x00000000000000f8       0x20 /data/f-of-e-tools/tools/sunflower/tools/tools-lib/riscv/libgcc.a(div.o)
 .debug_aranges
                0x0000000000000118       0x20 /data/f-of-e-tools/tools/sunflower/tools/tools-lib/riscv/libgcc.a(_clzsi2.o)
 .debug_aranges
                0x0000000000000138       0x18 /data/f-of-e-tools/tools/sunflower/tools/tools-lib/riscv/libgcc.a(_clz.o)
 .debug_aranges
                0x0000000000000150       0x20 /data/f-of-e-tools/tools/sunflower/tools/tools-lib/riscv/libgloss.a(syscalls.o)

.debug_pubnames
 *(.debug_pubnames)

.debug_info     0x0000000000000000     0x63a7
 *(.debug_info .gnu.linkonce.wi.*)
 .debug_info    0x0000000000000000      0x9d8 /data/f-of-e-tools/tools/sunflower/tools/tools-lib/riscv/libc.a(lib_a-exit.o)
 .debug_info    0x00000000000009d8      0x936 /data/f-of-e-tools/tools/sunflower/tools/tools-lib/riscv/libc.a(lib_a-impure.o)
 .debug_info    0x000000000000130e      0x9f3 /data/f-of-e-tools/tools/sunflower/tools/tools-lib/riscv/libc.a(lib_a-__call_atexit.o)
 .debug_info    0x0000000000001d01      0x351 /data/f-of-e-tools/tools/sunflower/tools/tools-lib/riscv/libgcc.a(addsf3.o)
 .debug_info    0x0000000000002052      0x3c3 /data/f-of-e-tools/tools/sunflower/tools/tools-lib/riscv/libgcc.a(divsf3.o)
 .debug_info    0x0000000000002415      0x454 /data/f-of-e-tools/tools/sunflower/tools/tools-lib/riscv/libgcc.a(mulsf3.o)
 .debug_info    0x0000000000002869      0x255 /data/f-of-e-tools/tools/sunflower/tools/tools-lib/riscv/libgcc.a(floatsisf.o)
 .debug_info    0x0000000000002abe       0x26 /data/f-of-e-tools/tools/sunflower/tools/tools-lib/riscv/libgcc.a(muldi3.o)
 .debug_info    0x0000000000002ae4       0x26 /data/f-of-e-tools/tools/sunflower/tools/tools-lib/riscv/libgcc.a(div.o)
 .debug_info    0x0000000000002b0a      0xba6 /data/f-of-e-tools/tools/sunflower/tools/tools-lib/riscv/libgcc.a(_clzsi2.o)
 .debug_info    0x00000000000036b0      0xb39 /data/f-of-e-tools/tools/sunflower/tools/tools-lib/riscv/libgcc.a(_clz.o)
 .debug_info    0x00000000000041e9     0x21be /data/f-of-e-tools/tools/sunflower/tools/tools-lib/riscv/libgloss.a(syscalls.o)

.debug_abbrev   0x0000000000000000     0x14eb
 *(.debug_abbrev)
 .debug_abbrev  0x0000000000000000      0x21c /data/f-of-e-tools/tools/sunflower/tools/tools-lib/riscv/libc.a(lib_a-exit.o)
 .debug_abbrev  0x000000000000021c      0x1b8 /data/f-of-e-tools/tools/sunflower/tools/tools-lib/riscv/libc.a(lib_a-impure.o)
 .debug_abbrev  0x00000000000003d4      0x24f /data/f-of-e-tools/tools/sunflower/tools/tools-lib/riscv/libc.a(lib_a-__call_atexit.o)
 .debug_abbrev  0x0000000000000623      0x191 /data/f-of-e-tools/tools/sunflower/tools/tools-lib/riscv/libgcc.a(addsf3.o)
 .debug_abbrev  0x00000000000007b4      0x171 /data/f-of-e-tools/tools/sunflower/tools/tools-lib/riscv/libgcc.a(divsf3.o)
 .debug_abbrev  0x0000000000000925      0x18b /data/f-of-e-tools/tools/sunflower/tools/tools-lib/riscv/libgcc.a(mulsf3.o)
 .debug_abbrev  0x0000000000000ab0      0x184 /data/f-of-e-tools/tools/sunflower/tools/tools-lib/riscv/libgcc.a(floatsisf.o)
 .debug_abbrev  0x0000000000000c34       0x14 /data/f-of-e-tools/tools/sunflower/tools/tools-lib/riscv/libgcc.a(muldi3.o)
 .debug_abbrev  0x0000000000000c48       0x14 /data/f-of-e-tools/tools/sunflower/tools/tools-lib/riscv/libgcc.a(div.o)
 .debug_abbrev  0x0000000000000c5c      0x242 /data/f-of-e-tools/tools/sunflower/tools/tools-lib/riscv/libgcc.a(_clzsi2.o)
 .debug_abbrev  0x0000000000000e9e      0x1e8 /data/f-of-e-tools/tools/sunflower/tools/tools-lib/riscv/libgcc.a(_clz.o)
 .debug_abbrev  0x0000000000001086      0x465 /data/f-of-e-tools/tools/sunflower/tools/tools-lib/riscv/libgloss.a(syscalls.o)

.debug_line     0x0000000000000000     0x4251
 *(.debug_line .debug_line.* .debug_line_end)
 .debug_line    0x0000000000000000      0x22d /data/f-of-e-tools/tools/sunflower/tools/tools-lib/riscv/libc.a(lib_a-exit.o)
 .debug_line    0x000000000000022d      0x13a /data/f-of-e-tools/tools/sunflower/tools/tools-lib/riscv/libc.a(lib_a-impure.o)
 .debug_line    0x0000000000000367      0x3ab /data/f-of-e-tools/tools/sunflower/tools/tools-lib/riscv/libc.a(lib_a-__call_atexit.o)
 .debug_line    0x0000000000000712      0x9f1 /data/f-of-e-tools/tools/sunflower/tools/tools-lib/riscv/libgcc.a(addsf3.o)
 .debug_line    0x0000000000001103      0x75a /data/f-of-e-tools/tools/sunflower/tools/tools-lib/riscv/libgcc.a(divsf3.o)
 .debug_line    0x000000000000185d      0x7ee /data/f-of-e-tools/tools/sunflower/tools/tools-lib/riscv/libgcc.a(mulsf3.o)
 .debug_line    0x000000000000204b      0x346 /data/f-of-e-tools/tools/sunflower/tools/tools-lib/riscv/libgcc.a(floatsisf.o)
 .debug_line    0x0000000000002391       0x86 /data/f-of-e-tools/tools/sunflower/tools/tools-lib/riscv/libgcc.a(muldi3.o)
 .debug_line    0x0000000000002417      0x15c /data/f-of-e-tools/tools/sunflower/tools/tools-lib/riscv/libgcc.a(div.o)
 .debug_line    0x0000000000002573      0x2d2 /data/f-of-e-tools/tools/sunflower/tools/tools-lib/riscv/libgcc.a(_clzsi2.o)
 .debug_line    0x0000000000002845      0x1fe /data/f-of-e-tools/tools/sunflower/tools/tools-lib/riscv/libgcc.a(_clz.o)
 .debug_line    0x0000000000002a43     0x180e /data/f-of-e-tools/tools/sunflower/tools/tools-lib/riscv/libgloss.a(syscalls.o)

.debug_frame    0x0000000000000000      0x928
 *(.debug_frame)
 .debug_frame   0x0000000000000000       0x30 /data/f-of-e-tools/tools/sunflower/tools/tools-lib/riscv/libc.a(lib_a-exit.o)
 .debug_frame   0x0000000000000030       0x90 /data/f-of-e-tools/tools/sunflower/tools/tools-lib/riscv/libc.a(lib_a-__call_atexit.o)
 .debug_frame   0x00000000000000c0       0x64 /data/f-of-e-tools/tools/sunflower/tools/tools-lib/riscv/libgcc.a(addsf3.o)
 .debug_frame   0x0000000000000124       0x94 /data/f-of-e-tools/tools/sunflower/tools/tools-lib/riscv/libgcc.a(divsf3.o)
 .debug_frame   0x00000000000001b8       0x80 /data/f-of-e-tools/tools/sunflower/tools/tools-lib/riscv/libgcc.a(mulsf3.o)
 .debug_frame   0x0000000000000238       0x54 /data/f-of-e-tools/tools/sunflower/tools/tools-lib/riscv/libgcc.a(floatsisf.o)
 .debug_frame   0x000000000000028c       0x20 /data/f-of-e-tools/tools/sunflower/tools/tools-lib/riscv/libgcc.a(_clzsi2.o)
 .debug_frame   0x00000000000002ac      0x67c /data/f-of-e-tools/tools/sunflower/tools/tools-lib/riscv/libgloss.a(syscalls.o)

.debug_str      0x0000000000000000     0x106a
 *(.debug_str)
 .debug_str     0x0000000000000000      0x51f /data/f-of-e-tools/tools/sunflower/tools/tools-lib/riscv/libc.a(lib_a-exit.o)
                                        0x5a5 (size before relaxing)
 .debug_str     0x000000000000051f       0xa1 /data/f-of-e-tools/tools/sunflower/tools/tools-lib/riscv/libc.a(lib_a-impure.o)
                                        0x559 (size before relaxing)
 .debug_str     0x00000000000005c0       0x59 /data/f-of-e-tools/tools/sunflower/tools/tools-lib/riscv/libc.a(lib_a-__call_atexit.o)
                                        0x5a2 (size before relaxing)
 .debug_str     0x0000000000000619      0x225 /data/f-of-e-tools/tools/sunflower/tools/tools-lib/riscv/libgcc.a(addsf3.o)
                                        0x2aa (size before relaxing)
 .debug_str     0x000000000000083e      0x163 /data/f-of-e-tools/tools/sunflower/tools/tools-lib/riscv/libgcc.a(divsf3.o)
                                        0x314 (size before relaxing)
 .debug_str     0x00000000000009a1       0x98 /data/f-of-e-tools/tools/sunflower/tools/tools-lib/riscv/libgcc.a(mulsf3.o)
                                        0x2db (size before relaxing)
 .debug_str     0x0000000000000a39       0x65 /data/f-of-e-tools/tools/sunflower/tools/tools-lib/riscv/libgcc.a(floatsisf.o)
                                        0x275 (size before relaxing)
 .debug_str     0x0000000000000a9e       0x34 /data/f-of-e-tools/tools/sunflower/tools/tools-lib/riscv/libgcc.a(muldi3.o)
                                         0x88 (size before relaxing)
 .debug_str     0x0000000000000ad2       0x23 /data/f-of-e-tools/tools/sunflower/tools/tools-lib/riscv/libgcc.a(div.o)
                                         0x85 (size before relaxing)
 .debug_str     0x0000000000000af5      0x187 /data/f-of-e-tools/tools/sunflower/tools/tools-lib/riscv/libgcc.a(_clzsi2.o)
                                        0x734 (size before relaxing)
 .debug_str     0x0000000000000c7c      0x717 /data/f-of-e-tools/tools/sunflower/tools/tools-lib/riscv/libgcc.a(_clz.o)
 .debug_str     0x0000000000000c7c      0x3ee /data/f-of-e-tools/tools/sunflower/tools/tools-lib/riscv/libgloss.a(syscalls.o)
                                        0x979 (size before relaxing)

.debug_loc      0x0000000000000000     0x367b
 *(.debug_loc)
 .debug_loc     0x0000000000000000       0x1e /data/f-of-e-tools/tools/sunflower/tools/tools-lib/riscv/libc.a(lib_a-exit.o)
 .debug_loc     0x000000000000001e      0x16e /data/f-of-e-tools/tools/sunflower/tools/tools-lib/riscv/libc.a(lib_a-__call_atexit.o)
 .debug_loc     0x000000000000018c      0x92c /data/f-of-e-tools/tools/sunflower/tools/tools-lib/riscv/libgcc.a(addsf3.o)
 .debug_loc     0x0000000000000ab8      0x981 /data/f-of-e-tools/tools/sunflower/tools/tools-lib/riscv/libgcc.a(divsf3.o)
 .debug_loc     0x0000000000001439      0x7e8 /data/f-of-e-tools/tools/sunflower/tools/tools-lib/riscv/libgcc.a(mulsf3.o)
 .debug_loc     0x0000000000001c21      0x1db /data/f-of-e-tools/tools/sunflower/tools/tools-lib/riscv/libgcc.a(floatsisf.o)
 .debug_loc     0x0000000000001dfc       0xf5 /data/f-of-e-tools/tools/sunflower/tools/tools-lib/riscv/libgcc.a(_clzsi2.o)
 .debug_loc     0x0000000000001ef1     0x178a /data/f-of-e-tools/tools/sunflower/tools/tools-lib/riscv/libgloss.a(syscalls.o)

.debug_macinfo
 *(.debug_macinfo)

.debug_weaknames
 *(.debug_weaknames)

.debug_funcnames
 *(.debug_funcnames)

.debug_typenames
 *(.debug_typenames)

.debug_varnames
 *(.debug_varnames)

.debug_pubtypes
 *(.debug_pubtypes)

.debug_ranges   0x0000000000000000      0x698
 *(.debug_ranges)
 .debug_ranges  0x0000000000000000       0x20 /data/f-of-e-tools/tools/sunflower/tools/tools-lib/riscv/libc.a(lib_a-__call_atexit.o)
 .debug_ranges  0x0000000000000020      0x1f0 /data/f-of-e-tools/tools/sunflower/tools/tools-lib/riscv/libgcc.a(addsf3.o)
 .debug_ranges  0x0000000000000210       0xc0 /data/f-of-e-tools/tools/sunflower/tools/tools-lib/riscv/libgcc.a(divsf3.o)
 .debug_ranges  0x00000000000002d0       0xc0 /data/f-of-e-tools/tools/sunflower/tools/tools-lib/riscv/libgcc.a(mulsf3.o)
 .debug_ranges  0x0000000000000390       0x80 /data/f-of-e-tools/tools/sunflower/tools/tools-lib/riscv/libgcc.a(floatsisf.o)
 .debug_ranges  0x0000000000000410       0x30 /data/f-of-e-tools/tools/sunflower/tools/tools-lib/riscv/libgcc.a(_clzsi2.o)
 .debug_ranges  0x0000000000000440      0x258 /data/f-of-e-tools/tools/sunflower/tools/tools-lib/riscv/libgloss.a(syscalls.o)

.debug_macro
 *(.debug_macro)

.debug_addr
 *(.debug_addr)

.gnu.attributes
 *(.gnu.attributes)

/DISCARD/
 *(.note.GNU-stack)
 *(.gnu_debuglink)
 *(.gnu.lto_*)
OUTPUT(autocorrelation-sf elf32-littleriscv)
